Component: Arm Compiler for Embedded 6.24 Tool: armlink [5f371500]

==============================================================================

Section Cross References

    qthezg.o(.ARM.exidx.text.CosmicSuperInvincibleMagicFunction) refers to qthezg.o(.text.CosmicSuperInvincibleMagicFunction) for [Anonymous Symbol]
    qthezg.o(.text.TimeCounter) refers to qthezg.o(.data.TimeCounter.TCFirstInto) for TimeCounter.TCFirstInto
    qthezg.o(.ARM.exidx.text.TimeCounter) refers to qthezg.o(.text.TimeCounter) for [Anonymous Symbol]
    qthezg.o(.ARM.exidx.text.kalmanFilter) refers to qthezg.o(.text.kalmanFilter) for [Anonymous Symbol]
    qthezg.o(.text.kalmanFilter_update) refers to qthezg.o(.text.CosmicSuperInvincibleMagicFunction) for CosmicSuperInvincibleMagicFunction
    qthezg.o(.ARM.exidx.text.kalmanFilter_update) refers to qthezg.o(.text.kalmanFilter_update) for [Anonymous Symbol]
    qthezg.o(.ARM.exidx.text.data_map) refers to qthezg.o(.text.data_map) for [Anonymous Symbol]
    qthezg.o(.text.power_function_map) refers to qthezg.o(.text.CosmicSuperInvincibleMagicFunction) for CosmicSuperInvincibleMagicFunction
    qthezg.o(.text.power_function_map) refers to f2d.o(.text) for __aeabi_f2d
    qthezg.o(.text.power_function_map) refers to dmul.o(.text) for __aeabi_dmul
    qthezg.o(.text.power_function_map) refers to dfixi.o(.text) for __aeabi_d2iz
    qthezg.o(.ARM.exidx.text.power_function_map) refers to qthezg.o(.text.power_function_map) for [Anonymous Symbol]
    qthezg.o(.text.cubic_function_map) refers to dflti.o(.text) for __aeabi_i2d
    qthezg.o(.text.cubic_function_map) refers to dmul.o(.text) for __aeabi_dmul
    qthezg.o(.text.cubic_function_map) refers to dadd.o(.text) for __aeabi_dsub
    qthezg.o(.text.cubic_function_map) refers to f2d.o(.text) for __aeabi_f2d
    qthezg.o(.text.cubic_function_map) refers to dfixi.o(.text) for __aeabi_d2iz
    qthezg.o(.ARM.exidx.text.cubic_function_map) refers to qthezg.o(.text.cubic_function_map) for [Anonymous Symbol]
    qthezg.o(.ARM.exidx.text.data_constraint) refers to qthezg.o(.text.data_constraint) for [Anonymous Symbol]
    qthezg.o(.text.Expected_Simulation) refers to dflti.o(.text) for __aeabi_i2d
    qthezg.o(.text.Expected_Simulation) refers to dmul.o(.text) for __aeabi_dmul
    qthezg.o(.text.Expected_Simulation) refers to dadd.o(.text) for __aeabi_dsub
    qthezg.o(.text.Expected_Simulation) refers to dfixi.o(.text) for __aeabi_d2iz
    qthezg.o(.ARM.exidx.text.Expected_Simulation) refers to qthezg.o(.text.Expected_Simulation) for [Anonymous Symbol]
    qthezg.o(.text.DataFirstOrderFilter) refers to dflti.o(.text) for __aeabi_i2d
    qthezg.o(.text.DataFirstOrderFilter) refers to dmul.o(.text) for __aeabi_dmul
    qthezg.o(.text.DataFirstOrderFilter) refers to dadd.o(.text) for __aeabi_dadd
    qthezg.o(.text.DataFirstOrderFilter) refers to dfixi.o(.text) for __aeabi_d2iz
    qthezg.o(.ARM.exidx.text.DataFirstOrderFilter) refers to qthezg.o(.text.DataFirstOrderFilter) for [Anonymous Symbol]
    host_mouse.o(.text.USBH_Mouse_ReadData) refers to host_mouse.o(.bss.USBH_Mouse_ReadData.last_button_left) for USBH_Mouse_ReadData.last_button_left
    host_mouse.o(.text.USBH_Mouse_ReadData) refers to host_mouse.o(.bss.USBH_Mouse_ReadData.last_button_right) for USBH_Mouse_ReadData.last_button_right
    host_mouse.o(.text.USBH_Mouse_ReadData) refers to host_mouse.o(.bss.USBH_Mouse_ReadData.last_button_middle) for USBH_Mouse_ReadData.last_button_middle
    host_mouse.o(.text.USBH_Mouse_ReadData) refers to host_mouse.o(.bss.USBH_Mouse_ReadData.last_button_side1) for USBH_Mouse_ReadData.last_button_side1
    host_mouse.o(.text.USBH_Mouse_ReadData) refers to host_mouse.o(.bss.USBH_Mouse_ReadData.last_button_side2) for USBH_Mouse_ReadData.last_button_side2
    host_mouse.o(.text.USBH_Mouse_ReadData) refers to host_mouse.o(.bss.USBH_Mouse_ReadData.last_x) for USBH_Mouse_ReadData.last_x
    host_mouse.o(.text.USBH_Mouse_ReadData) refers to host_mouse.o(.bss.USBH_Mouse_ReadData.last_y) for USBH_Mouse_ReadData.last_y
    host_mouse.o(.text.USBH_Mouse_ReadData) refers to host_mouse.o(.bss.USBH_Mouse_ReadData.last_wheel) for USBH_Mouse_ReadData.last_wheel
    host_mouse.o(.ARM.exidx.text.USBH_Mouse_ReadData) refers to host_mouse.o(.text.USBH_Mouse_ReadData) for [Anonymous Symbol]
    host_mouse.o(.text.USBH_UserLoop) refers to usb_host.o(.bss.Appli_state) for Appli_state
    host_mouse.o(.text.USBH_UserLoop) refers to usb_host.o(.bss.hUsbHostFS) for hUsbHostFS
    host_mouse.o(.text.USBH_UserLoop) refers to host_mouse.o(.bss.USBH_UserLoop.lz_mouse_data) for USBH_UserLoop.lz_mouse_data
    host_mouse.o(.text.USBH_UserLoop) refers to host_mouse.o(.text.USBH_Mouse_ReadData) for USBH_Mouse_ReadData
    host_mouse.o(.ARM.exidx.text.USBH_UserLoop) refers to host_mouse.o(.text.USBH_UserLoop) for [Anonymous Symbol]
    startup_stm32f401xc.o(RESET) refers to startup_stm32f401xc.o(STACK) for __initial_sp
[...]
    .text                                    0x08000290   Section       48  init.o(.text)
    [Anonymous Symbol]                       0x080002c0   Section        0  stm32f4xx_it.o(.text.BusFault_Handler)
    DeInitStateMachine                       0x080002c5   Thumb Code   214  usbh_core.o(.text.DeInitStateMachine)
    [Anonymous Symbol]                       0x080002c4   Section        0  usbh_core.o(.text.DeInitStateMachine)
    [Anonymous Symbol]                       0x0800039c   Section        0  stm32f4xx_it.o(.text.DebugMon_Handler)
    [Anonymous Symbol]                       0x080003a0   Section        0  main.o(.text.Error_Handler)
    [Anonymous Symbol]                       0x080003a8   Section        0  stm32f4xx_hal.o(.text.HAL_Delay)
    [Anonymous Symbol]                       0x080003ec   Section        0  stm32f4xx_hal_gpio.o(.text.HAL_GPIO_Init)
    [Anonymous Symbol]                       0x08000750   Section        0  stm32f4xx_hal_gpio.o(.text.HAL_GPIO_TogglePin)
    [Anonymous Symbol]                       0x08000778   Section        0  stm32f4xx_hal_gpio.o(.text.HAL_GPIO_WritePin)
    [Anonymous Symbol]                       0x080007a8   Section        0  stm32f4xx_hal.o(.text.HAL_GetTick)
    [Anonymous Symbol]                       0x080007b4   Section        0  usbh_conf.o(.text.HAL_HCD_Connect_Callback)
    [Anonymous Symbol]                       0x080007c8   Section        0  usbh_conf.o(.text.HAL_HCD_Disconnect_Callback)
    [Anonymous Symbol]                       0x080007dc   Section        0  stm32f4xx_hal_hcd.o(.text.HAL_HCD_GetCurrentFrame)
    [Anonymous Symbol]                       0x080007f0   Section        0  stm32f4xx_hal_hcd.o(.text.HAL_HCD_GetCurrentSpeed)
    [Anonymous Symbol]                       0x08000804   Section        0  stm32f4xx_hal_hcd.o(.text.HAL_HCD_HC_ClearHubInfo)
    [Anonymous Symbol]                       0x08000858   Section        0  stm32f4xx_hal_hcd.o(.text.HAL_HCD_HC_GetURBState)
    [Anonymous Symbol]                       0x08000878   Section        0  stm32f4xx_hal_hcd.o(.text.HAL_HCD_HC_GetXferCount)
    [Anonymous Symbol]                       0x08000894   Section        0  stm32f4xx_hal_hcd.o(.text.HAL_HCD_HC_Init)
    [Anonymous Symbol]                       0x08000a34   Section        0  usbh_conf.o(.text.HAL_HCD_HC_NotifyURBChange_Callback)
    [Anonymous Symbol]                       0x08000a44   Section        0  stm32f4xx_hal_hcd.o(.text.HAL_HCD_HC_SubmitRequest)
    [Anonymous Symbol]                       0x08000d98   Section        0  stm32f4xx_hal_hcd.o(.text.HAL_HCD_IRQHandler)
    [Anonymous Symbol]                       0x08000f7c   Section        0  stm32f4xx_hal_hcd.o(.text.HAL_HCD_Init)
    [Anonymous Symbol]                       0x08001084   Section        0  usbh_conf.o(.text.HAL_HCD_MspInit)
    [Anonymous Symbol]                       0x08001134   Section        0  usbh_conf.o(.text.HAL_HCD_PortDisabled_Callback)
    [Anonymous Symbol]                       0x08001148   Section        0  usbh_conf.o(.text.HAL_HCD_PortEnabled_Callback)
    [Anonymous Symbol]                       0x0800115c   Section        0  stm32f4xx_hal_hcd.o(.text.HAL_HCD_ResetPort)
    [Anonymous Symbol]                       0x08001170   Section        0  usbh_conf.o(.text.HAL_HCD_SOF_Callback)
    [Anonymous Symbol]                       0x08001184   Section        0  stm32f4xx_hal_hcd.o(.text.HAL_HCD_Start)
    [Anonymous Symbol]                       0x080011dc   Section        0  stm32f4xx_hal_hcd.o(.text.HAL_HCD_Stop)
    [Anonymous Symbol]                       0x08001228   Section        0  stm32f4xx_hal.o(.text.HAL_IncTick)
    [Anonymous Symbol]                       0x08001244   Section        0  stm32f4xx_hal.o(.text.HAL_Init)
    [Anonymous Symbol]                       0x0800127c   Section        0  stm32f4xx_hal.o(.text.HAL_InitTick)
    [Anonymous Symbol]                       0x080012ec   Section        0  stm32f4xx_hal_msp.o(.text.HAL_MspInit)
    [Anonymous Symbol]                       0x08001338   Section        0  stm32f4xx_hal_cortex.o(.text.HAL_NVIC_EnableIRQ)
    [Anonymous Symbol]                       0x0800134c   Section        0  stm32f4xx_hal_cortex.o(.text.HAL_NVIC_SetPriority)
    [Anonymous Symbol]                       0x08001380   Section        0  stm32f4xx_hal_cortex.o(.text.HAL_NVIC_SetPriorityGrouping)
    [Anonymous Symbol]                       0x08001390   Section        0  stm32f4xx_hal_rcc.o(.text.HAL_RCC_ClockConfig)
    [Anonymous Symbol]                       0x080015f4   Section        0  stm32f4xx_hal_rcc.o(.text.HAL_RCC_GetHCLKFreq)
    [Anonymous Symbol]                       0x08001600   Section        0  stm32f4xx_hal_rcc.o(.text.HAL_RCC_GetPCLK1Freq)
    [Anonymous Symbol]                       0x08001624   Section        0  stm32f4xx_hal_rcc.o(.text.HAL_RCC_GetPCLK2Freq)
    [Anonymous Symbol]                       0x08001648   Section        0  stm32f4xx_hal_rcc.o(.text.HAL_RCC_GetSysClockFreq)
    [Anonymous Symbol]                       0x08001730   Section        0  stm32f4xx_hal_rcc.o(.text.HAL_RCC_OscConfig)
    [Anonymous Symbol]                       0x08001df0   Section        0  stm32f4xx_hal_cortex.o(.text.HAL_SYSTICK_Config)
    [Anonymous Symbol]                       0x08001e00   Section        0  stm32f4xx_hal_tim_ex.o(.text.HAL_TIMEx_MasterConfigSynchronization)
    [Anonymous Symbol]                       0x08001f00   Section        0  tim.o(.text.HAL_TIM_MspPostInit)
    [Anonymous Symbol]                       0x08002008   Section        0  stm32f4xx_hal_tim.o(.text.HAL_TIM_PWM_ConfigChannel)
    [Anonymous Symbol]                       0x0800214c   Section        0  stm32f4xx_hal_tim.o(.text.HAL_TIM_PWM_Init)
    [Anonymous Symbol]                       0x080021e8   Section        0  tim.o(.text.HAL_TIM_PWM_MspInit)
    [Anonymous Symbol]                       0x08002260   Section        0  stm32f4xx_hal_uart.o(.text.HAL_UART_Init)
    [Anonymous Symbol]                       0x08002300   Section        0  usart.o(.text.HAL_UART_MspInit)
    HCD_HC_IN_IRQHandler                     0x08002489   Thumb Code  3008  stm32f4xx_hal_hcd.o(.text.HCD_HC_IN_IRQHandler)
    [Anonymous Symbol]                       0x08002488   Section        0  stm32f4xx_hal_hcd.o(.text.HCD_HC_IN_IRQHandler)
    HCD_HC_OUT_IRQHandler                    0x08003049   Thumb Code  2212  stm32f4xx_hal_hcd.o(.text.HCD_HC_OUT_IRQHandler)
    [Anonymous Symbol]                       0x08003048   Section        0  stm32f4xx_hal_hcd.o(.text.HCD_HC_OUT_IRQHandler)
    HCD_Port_IRQHandler                      0x080038ed   Thumb Code   228  stm32f4xx_hal_hcd.o(.text.HCD_Port_IRQHandler)
    [Anonymous Symbol]                       0x080038ec   Section        0  stm32f4xx_hal_hcd.o(.text.HCD_Port_IRQHandler)
    HCD_RXQLVL_IRQHandler                    0x080039d1   Thumb Code   344  stm32f4xx_hal_hcd.o(.text.HCD_RXQLVL_IRQHandler)
    [Anonymous Symbol]                       0x080039d0   Section        0  stm32f4xx_hal_hcd.o(.text.HCD_RXQLVL_IRQHandler)
    [Anonymous Symbol]                       0x08003b28   Section        0  stm32f4xx_it.o(.text.HardFault_Handler)
    [Anonymous Symbol]                       0x08003b2c   Section        0  gpio.o(.text.MX_GPIO_Init)
    [Anonymous Symbol]                       0x08003bf8   Section        0  tim.o(.text.MX_TIM3_Init)
    [Anonymous Symbol]                       0x08003ce0   Section        0  tim.o(.text.MX_TIM4_Init)
    [Anonymous Symbol]                       0x08003dc8   Section        0  usart.o(.text.MX_USART1_UART_Init)
    [Anonymous Symbol]                       0x08003e08   Section        0  usart.o(.text.MX_USART2_UART_Init)
    [Anonymous Symbol]                       0x08003e48   Section        0  usart.o(.text.MX_USART6_UART_Init)
    [Anonymous Symbol]                       0x08003e88   Section        0  usb_host.o(.text.MX_USB_HOST_Init)
    [Anonymous Symbol]                       0x08003ee0   Section        0  usb_host.o(.text.MX_USB_HOST_Process)
    [Anonymous Symbol]                       0x08003ef0   Section        0  stm32f4xx_it.o(.text.MemManage_Handler)
    [Anonymous Symbol]                       0x08003ef4   Section        0  stm32f4xx_it.o(.text.NMI_Handler)
    NVIC_EncodePriority                      0x08003ef9   Thumb Code   108  stm32f4xx_hal_cortex.o(.text.NVIC_EncodePriority)
    [Anonymous Symbol]                       0x08003ef8   Section        0  stm32f4xx_hal_cortex.o(.text.NVIC_EncodePriority)
    [Anonymous Symbol]                       0x08003f64   Section        0  stm32f4xx_it.o(.text.OTG_FS_IRQHandler)
    [Anonymous Symbol]                       0x08003f74   Section        0  stm32f4xx_it.o(.text.PendSV_Handler)
    [Anonymous Symbol]                       0x08003f78   Section        0  stm32f4xx_it.o(.text.SVC_Handler)
    SysTick_Config                           0x08003f7d   Thumb Code    82  stm32f4xx_hal_cortex.o(.text.SysTick_Config)
    [Anonymous Symbol]                       0x08003f7c   Section        0  stm32f4xx_hal_cortex.o(.text.SysTick_Config)
    [Anonymous Symbol]                       0x08003fd0   Section        0  stm32f4xx_it.o(.text.SysTick_Handler)
    [Anonymous Symbol]                       0x08003fd8   Section        0  main.o(.text.SystemClock_Config)
    [Anonymous Symbol]                       0x08004094   Section        0  system_stm32f4xx.o(.text.SystemInit)
    [Anonymous Symbol]                       0x080040a8   Section        0  stm32f4xx_hal_tim.o(.text.TIM_Base_SetConfig)
    TIM_OC1_SetConfig                        0x080041ed   Thumb Code   202  stm32f4xx_hal_tim.o(.text.TIM_OC1_SetConfig)
    [Anonymous Symbol]                       0x080041ec   Section        0  stm32f4xx_hal_tim.o(.text.TIM_OC1_SetConfig)
    [Anonymous Symbol]                       0x080042b8   Section        0  stm32f4xx_hal_tim.o(.text.TIM_OC2_SetConfig)
    TIM_OC3_SetConfig                        0x0800438d   Thumb Code   210  stm32f4xx_hal_tim.o(.text.TIM_OC3_SetConfig)
    [Anonymous Symbol]                       0x0800438c   Section        0  stm32f4xx_hal_tim.o(.text.TIM_OC3_SetConfig)
    TIM_OC4_SetConfig                        0x08004461   Thumb Code   148  stm32f4xx_hal_tim.o(.text.TIM_OC4_SetConfig)
    [Anonymous Symbol]                       0x08004460   Section        0  stm32f4xx_hal_tim.o(.text.TIM_OC4_SetConfig)
    [Anonymous Symbol]                       0x080044f4   Section        0  qthezg.o(.text.TimeCounter)
    UART_SetConfig                           0x08004571   Thumb Code   314  stm32f4xx_hal_uart.o(.text.UART_SetConfig)
    [Anonymous Symbol]                       0x08004570   Section        0  stm32f4xx_hal_uart.o(.text.UART_SetConfig)
    [Anonymous Symbol]                       0x080046ac   Section        0  usbh_pipes.o(.text.USBH_AllocPipe)
    [Anonymous Symbol]                       0x080046f4   Section        0  usbh_pipes.o(.text.USBH_ClosePipe)
    [Anonymous Symbol]                       0x08004710   Section        0  usbh_ctlreq.o(.text.USBH_ClrFeature)
    [Anonymous Symbol]                       0x08004754   Section        0  usbh_ioreq.o(.text.USBH_CtlReceiveData)
    [Anonymous Symbol]                       0x08004794   Section        0  usbh_ctlreq.o(.text.USBH_CtlReq)
    [Anonymous Symbol]                       0x08004828   Section        0  usbh_ioreq.o(.text.USBH_CtlSendData)
    [Anonymous Symbol]                       0x08004884   Section        0  usbh_ioreq.o(.text.USBH_CtlSendSetup)
    [Anonymous Symbol]                       0x080048bc   Section        0  usbh_conf.o(.text.USBH_Delay)
    [Anonymous Symbol]                       0x080048cc   Section        0  usbh_core.o(.text.USBH_FindInterface)
    [Anonymous Symbol]                       0x08004978   Section        0  usbh_pipes.o(.text.USBH_FreePipe)
    [Anonymous Symbol]                       0x080049a8   Section        0  usbh_ctlreq.o(.text.USBH_GetDescriptor)
    USBH_GetFreePipe                         0x08004a25   Thumb Code    90  usbh_pipes.o(.text.USBH_GetFreePipe)
    [Anonymous Symbol]                       0x08004a24   Section        0  usbh_pipes.o(.text.USBH_GetFreePipe)
    [Anonymous Symbol]                       0x08004a80   Section        0  usbh_ctlreq.o(.text.USBH_GetNextDesc)
    [Anonymous Symbol]                       0x08004aa0   Section        0  usbh_ctlreq.o(.text.USBH_Get_CfgDesc)
    [Anonymous Symbol]                       0x08004b10   Section        0  usbh_ctlreq.o(.text.USBH_Get_DevDesc)
    [Anonymous Symbol]                       0x08004b7c   Section        0  usbh_ctlreq.o(.text.USBH_Get_StringDesc)
    [Anonymous Symbol]                       0x08004bf8   Section        0  usbh_conf.o(.text.USBH_Get_USB_Status)
    USBH_HID_ClassRequest                    0x08004c4d   Thumb Code   264  usbh_hid.o(.text.USBH_HID_ClassRequest)
    [Anonymous Symbol]                       0x08004c4c   Section        0  usbh_hid.o(.text.USBH_HID_ClassRequest)
    [Anonymous Symbol]                       0x08004d54   Section        0  usbh_hid.o(.text.USBH_HID_EventCallback)
    [Anonymous Symbol]                       0x08004d5c   Section        0  usbh_hid.o(.text.USBH_HID_FifoInit)
    [Anonymous Symbol]                       0x08004d88   Section        0  usbh_hid.o(.text.USBH_HID_FifoWrite)
    [Anonymous Symbol]                       0x08004e48   Section        0  usbh_hid.o(.text.USBH_HID_GetHIDReportDescriptor)
    [Anonymous Symbol]                       0x08004e98   Section        0  usbh_hid.o(.text.USBH_HID_GetReport)
    USBH_HID_InterfaceDeInit                 0x08004eed   Thumb Code   130  usbh_hid.o(.text.USBH_HID_InterfaceDeInit)
    [Anonymous Symbol]                       0x08004eec   Section        0  usbh_hid.o(.text.USBH_HID_InterfaceDeInit)
    USBH_HID_InterfaceInit                   0x08004f71   Thumb Code   734  usbh_hid.o(.text.USBH_HID_InterfaceInit)
    [Anonymous Symbol]                       0x08004f70   Section        0  usbh_hid.o(.text.USBH_HID_InterfaceInit)
    [Anonymous Symbol]                       0x08005250   Section        0  usbh_hid_keybd.o(.text.USBH_HID_KeybdInit)
    [Anonymous Symbol]                       0x080052e4   Section        0  usbh_hid_mouse.o(.text.USBH_HID_MouseInit)
    USBH_HID_ParseHIDDesc                    0x0800536d   Thumb Code   156  usbh_hid.o(.text.USBH_HID_ParseHIDDesc)
    [Anonymous Symbol]                       0x0800536c   Section        0  usbh_hid.o(.text.USBH_HID_ParseHIDDesc)
    USBH_HID_Process                         0x08005409   Thumb Code   406  usbh_hid.o(.text.USBH_HID_Process)
    [Anonymous Symbol]                       0x08005408   Section        0  usbh_hid.o(.text.USBH_HID_Process)
    USBH_HID_SOFProcess                      0x080055a1   Thumb Code    60  usbh_hid.o(.text.USBH_HID_SOFProcess)
    [Anonymous Symbol]                       0x080055a0   Section        0  usbh_hid.o(.text.USBH_HID_SOFProcess)
    [Anonymous Symbol]                       0x080055dc   Section        0  usbh_hid.o(.text.USBH_HID_SetIdle)
    [Anonymous Symbol]                       0x0800561c   Section        0  usbh_hid.o(.text.USBH_HID_SetProtocol)
    USBH_HandleControl                       0x08005661   Thumb Code   772  usbh_ctlreq.o(.text.USBH_HandleControl)
    [Anonymous Symbol]                       0x08005660   Section        0  usbh_ctlreq.o(.text.USBH_HandleControl)
    USBH_HandleEnum                          0x08005965   Thumb Code  1048  usbh_core.o(.text.USBH_HandleEnum)
    [Anonymous Symbol]                       0x08005964   Section        0  usbh_core.o(.text.USBH_HandleEnum)
    USBH_HandleSof                           0x08005d7d   Thumb Code    42  usbh_core.o(.text.USBH_HandleSof)
    [Anonymous Symbol]                       0x08005d7c   Section        0  usbh_core.o(.text.USBH_HandleSof)
    [Anonymous Symbol]                       0x08005da8   Section        0  usbh_core.o(.text.USBH_Init)
    [Anonymous Symbol]                       0x08005e28   Section        0  usbh_ioreq.o(.text.USBH_InterruptReceiveData)
    [Anonymous Symbol]                       0x08005e68   Section        0  usbh_conf.o(.text.USBH_LL_ClosePipe)
    [Anonymous Symbol]                       0x08005e78   Section        0  usbh_core.o(.text.USBH_LL_Connect)
    [Anonymous Symbol]                       0x08005e98   Section        0  usbh_core.o(.text.USBH_LL_Disconnect)
    [Anonymous Symbol]                       0x08005ed4   Section        0  usbh_conf.o(.text.USBH_LL_DriverVBUS)
    [Anonymous Symbol]                       0x08005f04   Section        0  usbh_conf.o(.text.USBH_LL_GetLastXferSize)
    [Anonymous Symbol]                       0x08005f20   Section        0  usbh_conf.o(.text.USBH_LL_GetSpeed)
    [Anonymous Symbol]                       0x08005f78   Section        0  usbh_conf.o(.text.USBH_LL_GetURBState)
    [Anonymous Symbol]                       0x08005f94   Section        0  usbh_core.o(.text.USBH_LL_IncTimer)
    [Anonymous Symbol]                       0x08005fb0   Section        0  usbh_conf.o(.text.USBH_LL_Init)
    [Anonymous Symbol]                       0x08006020   Section        0  usbh_conf.o(.text.USBH_LL_OpenPipe)
    [Anonymous Symbol]                       0x0800609c   Section        0  usbh_core.o(.text.USBH_LL_PortDisabled)
    [Anonymous Symbol]                       0x080060b4   Section        0  usbh_core.o(.text.USBH_LL_PortEnabled)
    [Anonymous Symbol]                       0x080060c4   Section        0  usbh_conf.o(.text.USBH_LL_ResetPort)
    [Anonymous Symbol]                       0x080060f8   Section        0  usbh_core.o(.text.USBH_LL_SetTimer)
    [Anonymous Symbol]                       0x0800610c   Section        0  usbh_conf.o(.text.USBH_LL_SetToggle)
    [Anonymous Symbol]                       0x0800616c   Section        0  usbh_conf.o(.text.USBH_LL_Start)
    [Anonymous Symbol]                       0x080061a0   Section        0  usbh_conf.o(.text.USBH_LL_Stop)
    [Anonymous Symbol]                       0x080061d4   Section        0  usbh_conf.o(.text.USBH_LL_SubmitURB)
    [Anonymous Symbol]                       0x08006258   Section        0  host_mouse.o(.text.USBH_Mouse_ReadData)
    [Anonymous Symbol]                       0x080064f8   Section        0  usbh_pipes.o(.text.USBH_OpenPipe)
    USBH_ParseCfgDesc                        0x08006555   Thumb Code   612  usbh_ctlreq.o(.text.USBH_ParseCfgDesc)
    [Anonymous Symbol]                       0x08006554   Section        0  usbh_ctlreq.o(.text.USBH_ParseCfgDesc)
    USBH_ParseDevDesc                        0x080067b9   Thumb Code   318  usbh_ctlreq.o(.text.USBH_ParseDevDesc)
    [Anonymous Symbol]                       0x080067b8   Section        0  usbh_ctlreq.o(.text.USBH_ParseDevDesc)
    USBH_ParseEPDesc                         0x080068f9   Thumb Code   538  usbh_ctlreq.o(.text.USBH_ParseEPDesc)
    [Anonymous Symbol]                       0x080068f8   Section        0  usbh_ctlreq.o(.text.USBH_ParseEPDesc)
    USBH_ParseInterfaceDesc                  0x08006b15   Thumb Code    82  usbh_ctlreq.o(.text.USBH_ParseInterfaceDesc)
    [Anonymous Symbol]                       0x08006b14   Section        0  usbh_ctlreq.o(.text.USBH_ParseInterfaceDesc)
    USBH_ParseStringDesc                     0x08006b69   Thumb Code   132  usbh_ctlreq.o(.text.USBH_ParseStringDesc)
    [Anonymous Symbol]                       0x08006b68   Section        0  usbh_ctlreq.o(.text.USBH_ParseStringDesc)
    [Anonymous Symbol]                       0x08006bec   Section        0  usbh_core.o(.text.USBH_Process)
    [Anonymous Symbol]                       0x08006fd8   Section        0  usbh_core.o(.text.USBH_RegisterClass)
    [Anonymous Symbol]                       0x08007034   Section        0  usbh_core.o(.text.USBH_SelectInterface)
    [Anonymous Symbol]                       0x08007084   Section        0  usbh_ctlreq.o(.text.USBH_SetAddress)
    [Anonymous Symbol]                       0x080070c4   Section        0  usbh_ctlreq.o(.text.USBH_SetCfg)
    [Anonymous Symbol]                       0x08007104   Section        0  usbh_ctlreq.o(.text.USBH_SetFeature)
    [Anonymous Symbol]                       0x08007144   Section        0  usbh_core.o(.text.USBH_Start)
    [Anonymous Symbol]                       0x08007160   Section        0  host_mouse.o(.text.USBH_UserLoop)
    USBH_UserProcess                         0x08007191   Thumb Code    84  usb_host.o(.text.USBH_UserProcess)
    [Anonymous Symbol]                       0x08007190   Section        0  usb_host.o(.text.USBH_UserProcess)
    [Anonymous Symbol]                       0x080071e4   Section        0  stm32f4xx_ll_usb.o(.text.USB_CoreInit)
    USB_CoreReset                            0x080072bd   Thumb Code   136  stm32f4xx_ll_usb.o(.text.USB_CoreReset)
    [Anonymous Symbol]                       0x080072bc   Section        0  stm32f4xx_ll_usb.o(.text.USB_CoreReset)
    [Anonymous Symbol]                       0x08007344   Section        0  stm32f4xx_ll_usb.o(.text.USB_DisableGlobalInt)
    [Anonymous Symbol]                       0x08007358   Section        0  stm32f4xx_ll_usb.o(.text.USB_DriveVbus)
    [Anonymous Symbol]                       0x080073c0   Section        0  stm32f4xx_ll_usb.o(.text.USB_EnableGlobalInt)
    [Anonymous Symbol]                       0x080073d4   Section        0  stm32f4xx_ll_usb.o(.text.USB_FlushRxFifo)
    [Anonymous Symbol]                       0x08007448   Section        0  stm32f4xx_ll_usb.o(.text.USB_FlushTxFifo)
    [Anonymous Symbol]                       0x080074c4   Section        0  stm32f4xx_ll_usb.o(.text.USB_GetCurrentFrame)
    [Anonymous Symbol]                       0x080074d8   Section        0  stm32f4xx_ll_usb.o(.text.USB_GetHostSpeed)
    [Anonymous Symbol]                       0x080074f8   Section        0  stm32f4xx_ll_usb.o(.text.USB_GetMode)
    [Anonymous Symbol]                       0x08007508   Section        0  stm32f4xx_ll_usb.o(.text.USB_HC_Halt)
    [Anonymous Symbol]                       0x080076e4   Section        0  stm32f4xx_ll_usb.o(.text.USB_HC_Init)
    [Anonymous Symbol]                       0x080078f8   Section        0  stm32f4xx_ll_usb.o(.text.USB_HC_ReadInterrupt)
    [Anonymous Symbol]                       0x0800790c   Section        0  stm32f4xx_ll_usb.o(.text.USB_HC_StartXfer)
    [Anonymous Symbol]                       0x08007d3c   Section        0  stm32f4xx_ll_usb.o(.text.USB_HostInit)
    [Anonymous Symbol]                       0x08007e90   Section        0  stm32f4xx_ll_usb.o(.text.USB_InitFSLSPClkSel)
    [Anonymous Symbol]                       0x08007f04   Section        0  stm32f4xx_ll_usb.o(.text.USB_ReadChInterrupts)
    [Anonymous Symbol]                       0x08007f3c   Section        0  stm32f4xx_ll_usb.o(.text.USB_ReadInterrupts)
    [Anonymous Symbol]                       0x08007f58   Section        0  stm32f4xx_ll_usb.o(.text.USB_ReadPacket)
    [Anonymous Symbol]                       0x0800800c   Section        0  stm32f4xx_ll_usb.o(.text.USB_ResetPort)
    [Anonymous Symbol]                       0x08008058   Section        0  stm32f4xx_ll_usb.o(.text.USB_SetCurrentMode)
    [Anonymous Symbol]                       0x08008138   Section        0  stm32f4xx_ll_usb.o(.text.USB_StopHost)
    [Anonymous Symbol]                       0x08008258   Section        0  stm32f4xx_ll_usb.o(.text.USB_WritePacket)
    [Anonymous Symbol]                       0x080082dc   Section        0  stm32f4xx_it.o(.text.UsageFault_Handler)
    __NVIC_EnableIRQ                         0x080082e1   Thumb Code    48  stm32f4xx_hal_cortex.o(.text.__NVIC_EnableIRQ)
    [Anonymous Symbol]                       0x080082e0   Section        0  stm32f4xx_hal_cortex.o(.text.__NVIC_EnableIRQ)
    __NVIC_GetPriorityGrouping               0x08008311   Thumb Code    16  stm32f4xx_hal_cortex.o(.text.__NVIC_GetPriorityGrouping)
    [Anonymous Symbol]                       0x08008310   Section        0  stm32f4xx_hal_cortex.o(.text.__NVIC_GetPriorityGrouping)
    __NVIC_SetPriority                       0x08008321   Thumb Code    66  stm32f4xx_hal_cortex.o(.text.__NVIC_SetPriority)
    [Anonymous Symbol]                       0x08008320   Section        0  stm32f4xx_hal_cortex.o(.text.__NVIC_SetPriority)
    __NVIC_SetPriorityGrouping               0x08008365   Thumb Code    60  stm32f4xx_hal_cortex.o(.text.__NVIC_SetPriorityGrouping)
    [Anonymous Symbol]                       0x08008364   Section        0  stm32f4xx_hal_cortex.o(.text.__NVIC_SetPriorityGrouping)
    [Anonymous Symbol]                       0x080083a0   Section        0  main.o(.text.main)
    i.__scatterload_copy                     0x0800842a   Section       14  handlers.o(i.__scatterload_copy)
    i.__scatterload_null                     0x08008438   Section        2  handlers.o(i.__scatterload_null)
    i.__scatterload_zeroinit                 0x0800843a   Section       14  handlers.o(i.__scatterload_zeroinit)
    i.free                                   0x08008448   Section        0  malloc.o(i.free)
    i.malloc                                 0x08008498   Section        0  malloc.o(i.malloc)
    [Anonymous Symbol]                       0x0800851c   Section        0  usbh_hid.o(.rodata.str1.1)
    .data                                    0x20000000   Section        4  mvars.o(.data)
    .data                                    0x20000004   Section        4  mvars.o(.data)
    TimeCounter.TCFirstInto                  0x2000002c   Data           1  qthezg.o(.data.TimeCounter.TCFirstInto)
    [Anonymous Symbol]                       0x2000002c   Section        0  qthezg.o(.data.TimeCounter.TCFirstInto)
    USBH_Mouse_ReadData.last_button_left     0x20000039   Data           1  host_mouse.o(.bss.USBH_Mouse_ReadData.last_button_left)
    [Anonymous Symbol]                       0x20000039   Section        0  host_mouse.o(.bss.USBH_Mouse_ReadData.last_button_left)
    USBH_Mouse_ReadData.last_button_middle   0x2000003a   Data           1  host_mouse.o(.bss.USBH_Mouse_ReadData.last_button_middle)
    [Anonymous Symbol]                       0x2000003a   Section        0  host_mouse.o(.bss.USBH_Mouse_ReadData.last_button_middle)
    USBH_Mouse_ReadData.last_button_right    0x2000003b   Data           1  host_mouse.o(.bss.USBH_Mouse_ReadData.last_button_right)
    [Anonymous Symbol]                       0x2000003b   Section        0  host_mouse.o(.bss.USBH_Mouse_ReadData.last_button_right)
    USBH_Mouse_ReadData.last_button_side1    0x2000003c   Data           1  host_mouse.o(.bss.USBH_Mouse_ReadData.last_button_side1)
    [Anonymous Symbol]                       0x2000003c   Section        0  host_mouse.o(.bss.USBH_Mouse_ReadData.last_button_side1)
    USBH_Mouse_ReadData.last_button_side2    0x2000003d   Data           1  host_mouse.o(.bss.USBH_Mouse_ReadData.last_button_side2)
    [Anonymous Symbol]                       0x2000003d   Section        0  host_mouse.o(.bss.USBH_Mouse_ReadData.last_button_side2)
    USBH_Mouse_ReadData.last_wheel           0x2000003e   Data           1  host_mouse.o(.bss.USBH_Mouse_ReadData.last_wheel)
    [Anonymous Symbol]                       0x2000003e   Section        0  host_mouse.o(.bss.USBH_Mouse_ReadData.last_wheel)
    USBH_Mouse_ReadData.last_x               0x20000040   Data           2  host_mouse.o(.bss.USBH_Mouse_ReadData.last_x)
    [Anonymous Symbol]                       0x20000040   Section        0  host_mouse.o(.bss.USBH_Mouse_ReadData.last_x)
    USBH_Mouse_ReadData.last_y               0x20000042   Data           2  host_mouse.o(.bss.USBH_Mouse_ReadData.last_y)
    [Anonymous Symbol]                       0x20000042   Section        0  host_mouse.o(.bss.USBH_Mouse_ReadData.last_y)
    USBH_UserLoop.lz_mouse_data              0x20000044   Data          12  host_mouse.o(.bss.USBH_UserLoop.lz_mouse_data)
    [Anonymous Symbol]                       0x20000044   Section        0  host_mouse.o(.bss.USBH_UserLoop.lz_mouse_data)
    HEAP                                     0x20000cd0   Section     2048  startup_stm32f401xc.o(HEAP)
    STACK                                    0x200014d0   Section     4096  startup_stm32f401xc.o(STACK)

    Global Symbols

    Symbol Name                              Value     Ov Type        Size  Object(Section)

    BuildAttributes$$THM_ISAv4$E$P$D$K$B$S$7EM$VFPi3$EXTD16$VFPS$VFMA$PE$A:L22UL41UL21$X:L11$S22US41US21$IEEE1$IW$~IW$USESV6$~STKCKD$USESV7$~SHL$OSPACE$ROPI$EBA8$MICROLIB$REQ8$PRES8$EABIv2 0x00000000   Number         0  anon$$obj.o ABSOLUTE
    __cpp_initialize__aeabi_                  - Undefined Weak Reference
    __cxa_finalize                            - Undefined Weak Reference
    __decompress                              - Undefined Weak Reference
    _clock_init                               - Undefined Weak Reference
    _microlib_exit                            - Undefined Weak Reference
    __Vectors_Size                           0x00000194   Number         0  startup_stm32f401xc.o ABSOLUTE
    __Vectors                                0x08000000   Data           4  startup_stm32f401xc.o(RESET)
    __Vectors_End                            0x08000194   Data           0  startup_stm32f401xc.o(RESET)
    __main                                   0x08000195   Thumb Code     0  entry.o(.ARM.Collect$$$$00000000)
    _main_stk                                0x08000195   Thumb Code     0  entry2.o(.ARM.Collect$$$$00000001)
    _main_scatterload                        0x08000199   Thumb Code     0  entry5.o(.ARM.Collect$$$$00000004)
    __main_after_scatterload                 0x0800019d   Thumb Code     0  entry5.o(.ARM.Collect$$$$00000004)
    _main_clock                              0x0800019d   Thumb Code     0  entry7b.o(.ARM.Collect$$$$00000008)
    _main_cpp_init                           0x0800019d   Thumb Code     0  entry8b.o(.ARM.Collect$$$$0000000A)
    _main_init                               0x0800019d   Thumb Code     0  entry9a.o(.ARM.Collect$$$$0000000B)
    __rt_final_cpp                           0x080001a5   Thumb Code     0  entry10a.o(.ARM.Collect$$$$0000000D)
    __rt_final_exit                          0x080001a5   Thumb Code     0  entry11a.o(.ARM.Collect$$$$0000000F)
    Reset_Handler                            0x080001a9   Thumb Code     8  startup_stm32f401xc.o(.text)
    ADC_IRQHandler                           0x080001c3   Thumb Code     0  startup_stm32f401xc.o(.text)
    DMA1_Stream0_IRQHandler                  0x080001c3   Thumb Code     0  startup_stm32f401xc.o(.text)
    DMA1_Stream1_IRQHandler                  0x080001c3   Thumb Code     0  startup_stm32f401xc.o(.text)
    DMA1_Stream2_IRQHandler                  0x080001c3   Thumb Code     0  startup_stm32f401xc.o(.text)
    DMA1_Stream3_IRQHandler                  0x080001c3   Thumb Code     0  startup_stm32f401xc.o(.text)
    DMA1_Stream4_IRQHandler                  0x080001c3   Thumb Code     0  startup_stm32f401xc.o(.text)
    DMA1_Stream5_IRQHandler                  0x080001c3   Thumb Code     0  startup_stm32f401xc.o(.text)
    DMA1_Stream6_IRQHandler                  0x080001c3   Thumb Code     0  startup_stm32f401xc.o(.text)
    DMA1_Stream7_IRQHandler                  0x080001c3   Thumb Code     0  startup_stm32f401xc.o(.text)
    DMA2_Stream0_IRQHandler                  0x080001c3   Thumb Code     0  startup_stm32f401xc.o(.text)
    DMA2_Stream1_IRQHandler                  0x080001c3   Thumb Code     0  startup_stm32f401xc.o(.text)
    DMA2_Stream2_IRQHandler                  0x080001c3   Thumb Code     0  startup_stm32f401xc.o(.text)
    DMA2_Stream3_IRQHandler                  0x080001c3   Thumb Code     0  startup_stm32f401xc.o(.text)
    DMA2_Stream4_IRQHandler                  0x080001c3   Thumb Code     0  startup_stm32f401xc.o(.text)
    DMA2_Stream5_IRQHandler                  0x080001c3   Thumb Code     0  startup_stm32f401xc.o(.text)
    DMA2_Stream6_IRQHandler                  0x080001c3   Thumb Code     0  startup_stm32f401xc.o(.text)
    DMA2_Stream7_IRQHandler                  0x080001c3   Thumb Code     0  startup_stm32f401xc.o(.text)
    EXTI0_IRQHandler                         0x080001c3   Thumb Code     0  startup_stm32f401xc.o(.text)
    EXTI15_10_IRQHandler                     0x080001c3   Thumb Code     0  startup_stm32f401xc.o(.text)
    EXTI1_IRQHandler                         0x080001c3   Thumb Code     0  startup_stm32f401xc.o(.text)
    EXTI2_IRQHandler                         0x080001c3   Thumb Code     0  startup_stm32f401xc.o(.text)
    EXTI3_IRQHandler                         0x080001c3   Thumb Code     0  startup_stm32f401xc.o(.text)
    EXTI4_IRQHandler                         0x080001c3   Thumb Code     0  startup_stm32f401xc.o(.text)
    EXTI9_5_IRQHandler                       0x080001c3   Thumb Code     0  startup_stm32f401xc.o(.text)
    FLASH_IRQHandler                         0x080001c3   Thumb Code     0  startup_stm32f401xc.o(.text)
    FPU_IRQHandler                           0x080001c3   Thumb Code     0  startup_stm32f401xc.o(.text)
    I2C1_ER_IRQHandler                       0x080001c3   Thumb Code     0  startup_stm32f401xc.o(.text)
    I2C1_EV_IRQHandler                       0x080001c3   Thumb Code     0  startup_stm32f401xc.o(.text)
    I2C2_ER_IRQHandler                       0x080001c3   Thumb Code     0  startup_stm32f401xc.o(.text)
    I2C2_EV_IRQHandler                       0x080001c3   Thumb Code     0  startup_stm32f401xc.o(.text)
    I2C3_ER_IRQHandler                       0x080001c3   Thumb Code     0  startup_stm32f401xc.o(.text)
    I2C3_EV_IRQHandler                       0x080001c3   Thumb Code     0  startup_stm32f401xc.o(.text)
    OTG_FS_WKUP_IRQHandler                   0x080001c3   Thumb Code     0  startup_stm32f401xc.o(.text)
    PVD_IRQHandler                           0x080001c3   Thumb Code     0  startup_stm32f401xc.o(.text)
    RCC_IRQHandler                           0x080001c3   Thumb Code     0  startup_stm32f401xc.o(.text)
    RTC_Alarm_IRQHandler                     0x080001c3   Thumb Code     0  startup_stm32f401xc.o(.text)
    RTC_WKUP_IRQHandler                      0x080001c3   Thumb Code     0  startup_stm32f401xc.o(.text)
    SDIO_IRQHandler                          0x080001c3   Thumb Code     0  startup_stm32f401xc.o(.text)
    SPI1_IRQHandler                          0x080001c3   Thumb Code     0  startup_stm32f401xc.o(.text)
    SPI2_IRQHandler                          0x080001c3   Thumb Code     0  startup_stm32f401xc.o(.text)
    SPI3_IRQHandler                          0x080001c3   Thumb Code     0  startup_stm32f401xc.o(.text)
    SPI4_IRQHandler                          0x080001c3   Thumb Code     0  startup_stm32f401xc.o(.text)
    TAMP_STAMP_IRQHandler                    0x080001c3   Thumb Code     0  startup_stm32f401xc.o(.text)
    TIM1_BRK_TIM9_IRQHandler                 0x080001c3   Thumb Code     0  startup_stm32f401xc.o(.text)
    TIM1_CC_IRQHandler                       0x080001c3   Thumb Code     0  startup_stm32f401xc.o(.text)
    TIM1_TRG_COM_TIM11_IRQHandler            0x080001c3   Thumb Code     0  startup_stm32f401xc.o(.text)
    TIM1_UP_TIM10_IRQHandler                 0x080001c3   Thumb Code     0  startup_stm32f401xc.o(.text)
    TIM2_IRQHandler                          0x080001c3   Thumb Code     0  startup_stm32f401xc.o(.text)
    TIM3_IRQHandler                          0x080001c3   Thumb Code     0  startup_stm32f401xc.o(.text)
    TIM4_IRQHandler                          0x080001c3   Thumb Code     0  startup_stm32f401xc.o(.text)
    TIM5_IRQHandler                          0x080001c3   Thumb Code     0  startup_stm32f401xc.o(.text)
    USART1_IRQHandler                        0x080001c3   Thumb Code     0  startup_stm32f401xc.o(.text)
    USART2_IRQHandler                        0x080001c3   Thumb Code     0  startup_stm32f401xc.o(.text)
    USART6_IRQHandler                        0x080001c3   Thumb Code     0  startup_stm32f401xc.o(.text)
    WWDG_IRQHandler                          0x080001c3   Thumb Code     0  startup_stm32f401xc.o(.text)
    __aeabi_uldivmod                         0x080001cd   Thumb Code    98  uldiv.o(.text)
    __aeabi_memset                           0x0800022f   Thumb Code    14  memseta.o(.text)
    __aeabi_memset4                          0x0800022f   Thumb Code     0  memseta.o(.text)
    __aeabi_memset8                          0x0800022f   Thumb Code     0  memseta.o(.text)
    __aeabi_memclr                           0x0800023d   Thumb Code     4  memseta.o(.text)
    __aeabi_memclr4                          0x0800023d   Thumb Code     0  memseta.o(.text)
    __aeabi_memclr8                          0x0800023d   Thumb Code     0  memseta.o(.text)
    _memset$wrapper                          0x08000241   Thumb Code    18  memseta.o(.text)
    __aeabi_llsl                             0x08000253   Thumb Code    30  llshl.o(.text)
    _ll_shift_l                              0x08000253   Thumb Code     0  llshl.o(.text)
    __aeabi_llsr                             0x08000271   Thumb Code    32  llushr.o(.text)
    _ll_ushift_r                             0x08000271   Thumb Code     0  llushr.o(.text)
    __scatterload                            0x08000291   Thumb Code    38  init.o(.text)
    __scatterload_rt2                        0x08000291   Thumb Code     0  init.o(.text)
    BusFault_Handler                         0x080002c1   Thumb Code     4  stm32f4xx_it.o(.text.BusFault_Handler)
    DebugMon_Handler                         0x0800039d   Thumb Code     2  stm32f4xx_it.o(.text.DebugMon_Handler)
    Error_Handler                            0x080003a1   Thumb Code     6  main.o(.text.Error_Handler)
    HAL_Delay                                0x080003a9   Thumb Code    66  stm32f4xx_hal.o(.text.HAL_Delay)
    HAL_GPIO_Init                            0x080003ed   Thumb Code   866  stm32f4xx_hal_gpio.o(.text.HAL_GPIO_Init)
    HAL_GPIO_TogglePin                       0x08000751   Thumb Code    38  stm32f4xx_hal_gpio.o(.text.HAL_GPIO_TogglePin)
    HAL_GPIO_WritePin                        0x08000779   Thumb Code    46  stm32f4xx_hal_gpio.o(.text.HAL_GPIO_WritePin)
    HAL_GetTick                              0x080007a9   Thumb Code    12  stm32f4xx_hal.o(.text.HAL_GetTick)
    HAL_HCD_Connect_Callback                 0x080007b5   Thumb Code    20  usbh_conf.o(.text.HAL_HCD_Connect_Callback)
    HAL_HCD_Disconnect_Callback              0x080007c9   Thumb Code    20  usbh_conf.o(.text.HAL_HCD_Disconnect_Callback)
    HAL_HCD_GetCurrentFrame                  0x080007dd   Thumb Code    18  stm32f4xx_hal_hcd.o(.text.HAL_HCD_GetCurrentFrame)
    HAL_HCD_GetCurrentSpeed                  0x080007f1   Thumb Code    18  stm32f4xx_hal_hcd.o(.text.HAL_HCD_GetCurrentSpeed)
    HAL_HCD_HC_ClearHubInfo                  0x08000805   Thumb Code    82  stm32f4xx_hal_hcd.o(.text.HAL_HCD_HC_ClearHubInfo)
    HAL_HCD_HC_GetURBState                   0x08000859   Thumb Code    30  stm32f4xx_hal_hcd.o(.text.HAL_HCD_HC_GetURBState)
    HAL_HCD_HC_GetXferCount                  0x08000879   Thumb Code    28  stm32f4xx_hal_hcd.o(.text.HAL_HCD_HC_GetXferCount)
    HAL_HCD_HC_Init                          0x08000895   Thumb Code   416  stm32f4xx_hal_hcd.o(.text.HAL_HCD_HC_Init)
    HAL_HCD_HC_NotifyURBChange_Callback      0x08000a35   Thumb Code    16  usbh_conf.o(.text.HAL_HCD_HC_NotifyURBChange_Callback)
    HAL_HCD_HC_SubmitRequest                 0x08000a45   Thumb Code   850  stm32f4xx_hal_hcd.o(.text.HAL_HCD_HC_SubmitRequest)
    HAL_HCD_IRQHandler                       0x08000d99   Thumb Code   484  stm32f4xx_hal_hcd.o(.text.HAL_HCD_IRQHandler)
    HAL_HCD_Init                             0x08000f7d   Thumb Code   264  stm32f4xx_hal_hcd.o(.text.HAL_HCD_Init)
    HAL_HCD_MspInit                          0x08001085   Thumb Code   176  usbh_conf.o(.text.HAL_HCD_MspInit)
    HAL_HCD_PortDisabled_Callback            0x08001135   Thumb Code    20  usbh_conf.o(.text.HAL_HCD_PortDisabled_Callback)
    HAL_HCD_PortEnabled_Callback             0x08001149   Thumb Code    20  usbh_conf.o(.text.HAL_HCD_PortEnabled_Callback)
    HAL_HCD_ResetPort                        0x0800115d   Thumb Code    18  stm32f4xx_hal_hcd.o(.text.HAL_HCD_ResetPort)
    HAL_HCD_SOF_Callback                     0x08001171   Thumb Code    20  usbh_conf.o(.text.HAL_HCD_SOF_Callback)
    HAL_HCD_Start                            0x08001185   Thumb Code    86  stm32f4xx_hal_hcd.o(.text.HAL_HCD_Start)
    HAL_HCD_Stop                             0x080011dd   Thumb Code    76  stm32f4xx_hal_hcd.o(.text.HAL_HCD_Stop)
    HAL_IncTick                              0x08001229   Thumb Code    26  stm32f4xx_hal.o(.text.HAL_IncTick)
    HAL_Init                                 0x08001245   Thumb Code    54  stm32f4xx_hal.o(.text.HAL_Init)
    HAL_InitTick                             0x0800127d   Thumb Code   112  stm32f4xx_hal.o(.text.HAL_InitTick)
    HAL_MspInit                              0x080012ed   Thumb Code    74  stm32f4xx_hal_msp.o(.text.HAL_MspInit)
    HAL_NVIC_EnableIRQ                       0x08001339   Thumb Code    20  stm32f4xx_hal_cortex.o(.text.HAL_NVIC_EnableIRQ)
    HAL_NVIC_SetPriority                     0x0800134d   Thumb Code    50  stm32f4xx_hal_cortex.o(.text.HAL_NVIC_SetPriority)
    HAL_NVIC_SetPriorityGrouping             0x08001381   Thumb Code    16  stm32f4xx_hal_cortex.o(.text.HAL_NVIC_SetPriorityGrouping)
    HAL_RCC_ClockConfig                      0x08001391   Thumb Code   610  stm32f4xx_hal_rcc.o(.text.HAL_RCC_ClockConfig)
    HAL_RCC_GetHCLKFreq                      0x080015f5   Thumb Code    12  stm32f4xx_hal_rcc.o(.text.HAL_RCC_GetHCLKFreq)
    HAL_RCC_GetPCLK1Freq                     0x08001601   Thumb Code    34  stm32f4xx_hal_rcc.o(.text.HAL_RCC_GetPCLK1Freq)
    HAL_RCC_GetPCLK2Freq                     0x08001625   Thumb Code    34  stm32f4xx_hal_rcc.o(.text.HAL_RCC_GetPCLK2Freq)
    HAL_RCC_GetSysClockFreq                  0x08001649   Thumb Code   230  stm32f4xx_hal_rcc.o(.text.HAL_RCC_GetSysClockFreq)
    HAL_RCC_OscConfig                        0x08001731   Thumb Code  1726  stm32f4xx_hal_rcc.o(.text.HAL_RCC_OscConfig)
    HAL_SYSTICK_Config                       0x08001df1   Thumb Code    16  stm32f4xx_hal_cortex.o(.text.HAL_SYSTICK_Config)
    HAL_TIMEx_MasterConfigSynchronization    0x08001e01   Thumb Code   254  stm32f4xx_hal_tim_ex.o(.text.HAL_TIMEx_MasterConfigSynchronization)
    HAL_TIM_MspPostInit                      0x08001f01   Thumb Code   262  tim.o(.text.HAL_TIM_MspPostInit)
    HAL_TIM_PWM_ConfigChannel                0x08002009   Thumb Code   322  stm32f4xx_hal_tim.o(.text.HAL_TIM_PWM_ConfigChannel)
    HAL_TIM_PWM_Init                         0x0800214d   Thumb Code   156  stm32f4xx_hal_tim.o(.text.HAL_TIM_PWM_Init)
    HAL_TIM_PWM_MspInit                      0x080021e9   Thumb Code   118  tim.o(.text.HAL_TIM_PWM_MspInit)
    HAL_UART_Init                            0x08002261   Thumb Code   158  stm32f4xx_hal_uart.o(.text.HAL_UART_Init)
    HAL_UART_MspInit                         0x08002301   Thumb Code   390  usart.o(.text.HAL_UART_MspInit)
    HardFault_Handler                        0x08003b29   Thumb Code     4  stm32f4xx_it.o(.text.HardFault_Handler)
    MX_GPIO_Init                             0x08003b2d   Thumb Code   202  gpio.o(.text.MX_GPIO_Init)
    MX_TIM3_Init                             0x08003bf9   Thumb Code   232  tim.o(.text.MX_TIM3_Init)
    MX_TIM4_Init                             0x08003ce1   Thumb Code   232  tim.o(.text.MX_TIM4_Init)
    MX_USART1_UART_Init                      0x08003dc9   Thumb Code    64  usart.o(.text.MX_USART1_UART_Init)
    MX_USART2_UART_Init                      0x08003e09   Thumb Code    64  usart.o(.text.MX_USART2_UART_Init)
    MX_USART6_UART_Init                      0x08003e49   Thumb Code    64  usart.o(.text.MX_USART6_UART_Init)
    MX_USB_HOST_Init                         0x08003e89   Thumb Code    88  usb_host.o(.text.MX_USB_HOST_Init)
    MX_USB_HOST_Process                      0x08003ee1   Thumb Code    16  usb_host.o(.text.MX_USB_HOST_Process)
    MemManage_Handler                        0x08003ef1   Thumb Code     4  stm32f4xx_it.o(.text.MemManage_Handler)
    NMI_Handler                              0x08003ef5   Thumb Code     4  stm32f4xx_it.o(.text.NMI_Handler)
    OTG_FS_IRQHandler                        0x08003f65   Thumb Code    16  stm32f4xx_it.o(.text.OTG_FS_IRQHandler)
    PendSV_Handler                           0x08003f75   Thumb Code     2  stm32f4xx_it.o(.text.PendSV_Handler)
    SVC_Handler                              0x08003f79   Thumb Code     2  stm32f4xx_it.o(.text.SVC_Handler)
    SysTick_Handler                          0x08003fd1   Thumb Code     8  stm32f4xx_it.o(.text.SysTick_Handler)
    SystemClock_Config                       0x08003fd9   Thumb Code   186  main.o(.text.SystemClock_Config)
    SystemInit                               0x08004095   Thumb Code    18  system_stm32f4xx.o(.text.SystemInit)
    TIM_Base_SetConfig                       0x080040a9   Thumb Code   324  stm32f4xx_hal_tim.o(.text.TIM_Base_SetConfig)
    TIM_OC2_SetConfig                        0x080042b9   Thumb Code   212  stm32f4xx_hal_tim.o(.text.TIM_OC2_SetConfig)
    TimeCounter                              0x080044f5   Thumb Code   122  qthezg.o(.text.TimeCounter)
    USBH_AllocPipe                           0x080046ad   Thumb Code    70  usbh_pipes.o(.text.USBH_AllocPipe)
    USBH_ClosePipe                           0x080046f5   Thumb Code    26  usbh_pipes.o(.text.USBH_ClosePipe)
    USBH_ClrFeature                          0x08004711   Thumb Code    66  usbh_ctlreq.o(.text.USBH_ClrFeature)
    USBH_CtlReceiveData                      0x08004755   Thumb Code    62  usbh_ioreq.o(.text.USBH_CtlReceiveData)
    USBH_CtlReq                              0x08004795   Thumb Code   148  usbh_ctlreq.o(.text.USBH_CtlReq)
    USBH_CtlSendData                         0x08004829   Thumb Code    92  usbh_ioreq.o(.text.USBH_CtlSendData)
    USBH_CtlSendSetup                        0x08004885   Thumb Code    56  usbh_ioreq.o(.text.USBH_CtlSendSetup)
    USBH_Delay                               0x080048bd   Thumb Code    16  usbh_conf.o(.text.USBH_Delay)
    USBH_FindInterface                       0x080048cd   Thumb Code   170  usbh_core.o(.text.USBH_FindInterface)
    USBH_FreePipe                            0x08004979   Thumb Code    48  usbh_pipes.o(.text.USBH_FreePipe)
    USBH_GetDescriptor                       0x080049a9   Thumb Code   122  usbh_ctlreq.o(.text.USBH_GetDescriptor)
    USBH_GetNextDesc                         0x08004a81   Thumb Code    32  usbh_ctlreq.o(.text.USBH_GetNextDesc)
    USBH_Get_CfgDesc                         0x08004aa1   Thumb Code   110  usbh_ctlreq.o(.text.USBH_Get_CfgDesc)
    USBH_Get_DevDesc                         0x08004b11   Thumb Code   108  usbh_ctlreq.o(.text.USBH_Get_DevDesc)
    USBH_Get_StringDesc                      0x08004b7d   Thumb Code   124  usbh_ctlreq.o(.text.USBH_Get_StringDesc)
    USBH_Get_USB_Status                      0x08004bf9   Thumb Code    82  usbh_conf.o(.text.USBH_Get_USB_Status)
    USBH_HID_EventCallback                   0x08004d55   Thumb Code     8  usbh_hid.o(.text.USBH_HID_EventCallback)
    USBH_HID_FifoInit                        0x08004d5d   Thumb Code    42  usbh_hid.o(.text.USBH_HID_FifoInit)
    USBH_HID_FifoWrite                       0x08004d89   Thumb Code   190  usbh_hid.o(.text.USBH_HID_FifoWrite)
    USBH_HID_GetHIDReportDescriptor          0x08004e49   Thumb Code    80  usbh_hid.o(.text.USBH_HID_GetHIDReportDescriptor)
    USBH_HID_GetReport                       0x08004e99   Thumb Code    84  usbh_hid.o(.text.USBH_HID_GetReport)
    USBH_HID_KeybdInit                       0x08005251   Thumb Code   146  usbh_hid_keybd.o(.text.USBH_HID_KeybdInit)
    USBH_HID_MouseInit                       0x080052e5   Thumb Code   136  usbh_hid_mouse.o(.text.USBH_HID_MouseInit)
    USBH_HID_SetIdle                         0x080055dd   Thumb Code    64  usbh_hid.o(.text.USBH_HID_SetIdle)
    USBH_HID_SetProtocol                     0x0800561d   Thumb Code    68  usbh_hid.o(.text.USBH_HID_SetProtocol)
    USBH_Init                                0x08005da9   Thumb Code   126  usbh_core.o(.text.USBH_Init)
    USBH_InterruptReceiveData                0x08005e29   Thumb Code    64  usbh_ioreq.o(.text.USBH_InterruptReceiveData)
    USBH_LL_ClosePipe                        0x08005e69   Thumb Code    14  usbh_conf.o(.text.USBH_LL_ClosePipe)
    USBH_LL_Connect                          0x08005e79   Thumb Code    30  usbh_core.o(.text.USBH_LL_Connect)
    USBH_LL_Disconnect                       0x08005e99   Thumb Code    58  usbh_core.o(.text.USBH_LL_Disconnect)
    USBH_LL_DriverVBUS                       0x08005ed5   Thumb Code    48  usbh_conf.o(.text.USBH_LL_DriverVBUS)
    USBH_LL_GetLastXferSize                  0x08005f05   Thumb Code    28  usbh_conf.o(.text.USBH_LL_GetLastXferSize)
    USBH_LL_GetSpeed                         0x08005f21   Thumb Code    86  usbh_conf.o(.text.USBH_LL_GetSpeed)
    USBH_LL_GetURBState                      0x08005f79   Thumb Code    28  usbh_conf.o(.text.USBH_LL_GetURBState)
    USBH_LL_IncTimer                         0x08005f95   Thumb Code    28  usbh_core.o(.text.USBH_LL_IncTimer)
    USBH_LL_Init                             0x08005fb1   Thumb Code   110  usbh_conf.o(.text.USBH_LL_Init)
    USBH_LL_OpenPipe                         0x08006021   Thumb Code   124  usbh_conf.o(.text.USBH_LL_OpenPipe)
    USBH_LL_PortDisabled                     0x0800609d   Thumb Code    24  usbh_core.o(.text.USBH_LL_PortDisabled)
    USBH_LL_PortEnabled                      0x080060b5   Thumb Code    16  usbh_core.o(.text.USBH_LL_PortEnabled)
    USBH_LL_ResetPort                        0x080060c5   Thumb Code    50  usbh_conf.o(.text.USBH_LL_ResetPort)
    USBH_LL_SetTimer                         0x080060f9   Thumb Code    18  usbh_core.o(.text.USBH_LL_SetTimer)
    USBH_LL_SetToggle                        0x0800610d   Thumb Code    94  usbh_conf.o(.text.USBH_LL_SetToggle)
    USBH_LL_Start                            0x0800616d   Thumb Code    50  usbh_conf.o(.text.USBH_LL_Start)
    USBH_LL_Stop                             0x080061a1   Thumb Code    50  usbh_conf.o(.text.USBH_LL_Stop)
    USBH_LL_SubmitURB                        0x080061d5   Thumb Code   132  usbh_conf.o(.text.USBH_LL_SubmitURB)
    USBH_Mouse_ReadData                      0x08006259   Thumb Code   672  host_mouse.o(.text.USBH_Mouse_ReadData)
    USBH_OpenPipe                            0x080064f9   Thumb Code    92  usbh_pipes.o(.text.USBH_OpenPipe)
    USBH_Process                             0x08006bed   Thumb Code  1004  usbh_core.o(.text.USBH_Process)
    USBH_RegisterClass                       0x08006fd9   Thumb Code    92  usbh_core.o(.text.USBH_RegisterClass)
    USBH_SelectInterface                     0x08007035   Thumb Code    78  usbh_core.o(.text.USBH_SelectInterface)
    USBH_SetAddress                          0x08007085   Thumb Code    64  usbh_ctlreq.o(.text.USBH_SetAddress)
    USBH_SetCfg                              0x080070c5   Thumb Code    64  usbh_ctlreq.o(.text.USBH_SetCfg)
    USBH_SetFeature                          0x08007105   Thumb Code    64  usbh_ctlreq.o(.text.USBH_SetFeature)
    USBH_Start                               0x08007145   Thumb Code    26  usbh_core.o(.text.USBH_Start)
    USBH_UserLoop                            0x08007161   Thumb Code    48  host_mouse.o(.text.USBH_UserLoop)
    USB_CoreInit                             0x080071e5   Thumb Code   214  stm32f4xx_ll_usb.o(.text.USB_CoreInit)
    USB_DisableGlobalInt                     0x08007345   Thumb Code    20  stm32f4xx_ll_usb.o(.text.USB_DisableGlobalInt)
    USB_DriveVbus                            0x08007359   Thumb Code   104  stm32f4xx_ll_usb.o(.text.USB_DriveVbus)
    USB_EnableGlobalInt                      0x080073c1   Thumb Code    20  stm32f4xx_ll_usb.o(.text.USB_EnableGlobalInt)
    USB_FlushRxFifo                          0x080073d5   Thumb Code   116  stm32f4xx_ll_usb.o(.text.USB_FlushRxFifo)
    USB_FlushTxFifo                          0x08007449   Thumb Code   122  stm32f4xx_ll_usb.o(.text.USB_FlushTxFifo)
    USB_GetCurrentFrame                      0x080074c5   Thumb Code    20  stm32f4xx_ll_usb.o(.text.USB_GetCurrentFrame)
    USB_GetHostSpeed                         0x080074d9   Thumb Code    30  stm32f4xx_ll_usb.o(.text.USB_GetHostSpeed)
    USB_GetMode                              0x080074f9   Thumb Code    16  stm32f4xx_ll_usb.o(.text.USB_GetMode)
    USB_HC_Halt                              0x08007509   Thumb Code   476  stm32f4xx_ll_usb.o(.text.USB_HC_Halt)
    USB_HC_Init                              0x080076e5   Thumb Code   530  stm32f4xx_ll_usb.o(.text.USB_HC_Init)
    USB_HC_ReadInterrupt                     0x080078f9   Thumb Code    20  stm32f4xx_ll_usb.o(.text.USB_HC_ReadInterrupt)
    USB_HC_StartXfer                         0x0800790d   Thumb Code  1072  stm32f4xx_ll_usb.o(.text.USB_HC_StartXfer)
    USB_HostInit                             0x08007d3d   Thumb Code   338  stm32f4xx_ll_usb.o(.text.USB_HostInit)
    USB_InitFSLSPClkSel                      0x08007e91   Thumb Code   116  stm32f4xx_ll_usb.o(.text.USB_InitFSLSPClkSel)
    USB_ReadChInterrupts                     0x08007f05   Thumb Code    54  stm32f4xx_ll_usb.o(.text.USB_ReadChInterrupts)
    USB_ReadInterrupts                       0x08007f3d   Thumb Code    26  stm32f4xx_ll_usb.o(.text.USB_ReadInterrupts)
    USB_ReadPacket                           0x08007f59   Thumb Code   180  stm32f4xx_ll_usb.o(.text.USB_ReadPacket)
    USB_ResetPort                            0x0800800d   Thumb Code    74  stm32f4xx_ll_usb.o(.text.USB_ResetPort)
    USB_SetCurrentMode                       0x08008059   Thumb Code   222  stm32f4xx_ll_usb.o(.text.USB_SetCurrentMode)
    USB_StopHost                             0x08008139   Thumb Code   288  stm32f4xx_ll_usb.o(.text.USB_StopHost)
    USB_WritePacket                          0x08008259   Thumb Code   130  stm32f4xx_ll_usb.o(.text.USB_WritePacket)
    UsageFault_Handler                       0x080082dd   Thumb Code     4  stm32f4xx_it.o(.text.UsageFault_Handler)
    main                                     0x080083a1   Thumb Code   138  main.o(.text.main)
    __scatterload_copy                       0x0800842b   Thumb Code    14  handlers.o(i.__scatterload_copy)
    __scatterload_null                       0x08008439   Thumb Code     2  handlers.o(i.__scatterload_null)
    __scatterload_zeroinit                   0x0800843b   Thumb Code    14  handlers.o(i.__scatterload_zeroinit)
    free                                     0x08008449   Thumb Code    76  malloc.o(i.free)
    malloc                                   0x08008499   Thumb Code    92  malloc.o(i.malloc)
    AHBPrescTable                            0x08008504   Data          16  system_stm32f4xx.o(.rodata.AHBPrescTable)
    APBPrescTable                            0x08008514   Data           8  system_stm32f4xx.o(.rodata.APBPrescTable)
    Region$$Table$$Base                      0x08008520   Number         0  anon$$obj.o(Region$$Table)
    Region$$Table$$Limit                     0x08008540   Number         0  anon$$obj.o(Region$$Table)
    __microlib_freelist                      0x20000000   Data           4  mvars.o(.data)
    __microlib_freelist_initialised          0x20000004   Data           4  mvars.o(.data)
    HID_Class                                0x20000008   Data          32  usbh_hid.o(.data.HID_Class)
    SystemCoreClock                          0x20000028   Data           4  system_stm32f4xx.o(.data.SystemCoreClock)
    uwTickFreq                               0x2000002d   Data           1  stm32f4xx_hal.o(.data.uwTickFreq)
    uwTickPrio                               0x20000030   Data           4  stm32f4xx_hal.o(.data.uwTickPrio)
    Appli_state                              0x20000038   Data           1  usb_host.o(.bss.Appli_state)
    hUsbHostFS                               0x20000050   Data        1752  usb_host.o(.bss.hUsbHostFS)
    hhcd_USB_OTG_FS                          0x20000728   Data         992  usbh_conf.o(.bss.hhcd_USB_OTG_FS)
    htim3                                    0x20000b08   Data          72  tim.o(.bss.htim3)
    htim4                                    0x20000b50   Data          72  tim.o(.bss.htim4)
    huart1                                   0x20000b98   Data          72  usart.o(.bss.huart1)
    huart2                                   0x20000be0   Data          72  usart.o(.bss.huart2)
    huart6                                   0x20000c28   Data          72  usart.o(.bss.huart6)
    keybd_info                               0x20000c70   Data          15  usbh_hid_keybd.o(.bss.keybd_info)
    keybd_report_data                        0x20000c7f   Data           8  usbh_hid_keybd.o(.bss.keybd_report_data)
    keybd_rx_report_buf                      0x20000c87   Data           8  usbh_hid_keybd.o(.bss.keybd_rx_report_buf)
    mouse_info                               0x20000c8f   Data           5  usbh_hid_mouse.o(.bss.mouse_info)
    mouse_report_data                        0x20000c94   Data           8  usbh_hid_mouse.o(.bss.mouse_report_data)
    mouse_rx_report_buf                      0x20000c9c   Data           8  usbh_hid_mouse.o(.bss.mouse_rx_report_buf)
    slider_conter_10ms                       0x20000ca8   Data          16  main.o(.bss.slider_conter_10ms)
    slider_conter_500ms                      0x20000cb8   Data          16  main.o(.bss.slider_conter_500ms)
    uwTick                                   0x20000cc8   Data           4  stm32f4xx_hal.o(.bss.uwTick)
    __heap_base                              0x20000cd0   Data           0  startup_stm32f401xc.o(HEAP)
    __heap_limit                             0x200014d0   Data           0  startup_stm32f401xc.o(HEAP)
    __initial_sp                             0x200024d0   Data           0  startup_stm32f401xc.o(STACK)



==============================================================================

Memory Map of the image

  Image Entry point : 0x08000195

  Load Region LR_IROM1 (Base: 0x08000000, Size: 0x00008578, Max: 0x00040000, ABSOLUTE)

    Execution Region ER_IROM1 (Exec base: 0x08000000, Load base: 0x08000000, Size: 0x00008540, Max: 0x00040000, ABSOLUTE)

    Exec Addr    Load Addr    Size         Type   Attr      Idx    E Section Name        Object

    0x08000000   0x08000000   0x00000194   Data   RO           51    RESET               startup_stm32f401xc.o
    0x08000194   0x08000194   0x00000000   Code   RO         1587  * .ARM.Collect$$$$00000000  mc_w.l(entry.o)
    0x08000194   0x08000194   0x00000004   Code   RO         1632    .ARM.Collect$$$$00000001  mc_w.l(entry2.o)
    0x08000198   0x08000198   0x00000004   Code   RO         1635    .ARM.Collect$$$$00000004  mc_w.l(entry5.o)
    0x0800019c   0x0800019c   0x00000000   Code   RO         1637    .ARM.Collect$$$$00000008  mc_w.l(entry7b.o)
    0x0800019c   0x0800019c   0x00000000   Code   RO         1639    .ARM.Collect$$$$0000000A  mc_w.l(entry8b.o)
    0x0800019c   0x0800019c   0x00000008   Code   RO         1640    .ARM.Collect$$$$0000000B  mc_w.l(entry9a.o)
    0x080001a4   0x080001a4   0x00000000   Code   RO         1642    .ARM.Collect$$$$0000000D  mc_w.l(entry10a.o)
    0x080001a4   0x080001a4   0x00000000   Code   RO         1644    .ARM.Collect$$$$0000000F  mc_w.l(entry11a.o)
    0x080001a4   0x080001a4   0x00000004   Code   RO         1633    .ARM.Collect$$$$00002712  mc_w.l(entry2.o)
    0x080001a8   0x080001a8   0x00000024   Code   RO           52    .text               startup_stm32f401xc.o
    0x080001cc   0x080001cc   0x00000062   Code   RO         1590    .text               mc_w.l(uldiv.o)
    0x0800022e   0x0800022e   0x00000024   Code   RO         1592    .text               mc_w.l(memseta.o)
    0x08000252   0x08000252   0x0000001e   Code   RO         1646    .text               mc_w.l(llshl.o)
    0x08000270   0x08000270   0x00000020   Code   RO         1648    .text               mc_w.l(llushr.o)
    0x08000290   0x08000290   0x00000030   Code   RO         1661    .text               mc_w.l(init.o)
    0x080002c0   0x080002c0   0x00000004   Code   RO          128    .text.BusFault_Handler  stm32f4xx_it.o
    0x080002c4   0x080002c4   0x000000d6   Code   RO         1351    .text.DeInitStateMachine  usbh_core.o
    0x0800039a   0x0800039a   0x00000002   PAD
    0x0800039c   0x0800039c   0x00000002   Code   RO          134    .text.DebugMon_Handler  stm32f4xx_it.o
    0x0800039e   0x0800039e   0x00000002   PAD
    0x080003a0   0x080003a0   0x00000006   Code   RO           63    .text.Error_Handler  main.o
    0x080003a6   0x080003a6   0x00000002   PAD
    0x080003a8   0x080003a8   0x00000042   Code   RO          718    .text.HAL_Delay     stm32f4xx_hal.o
    0x080003ea   0x080003ea   0x00000002   PAD
    0x080003ec   0x080003ec   0x00000362   Code   RO          477    .text.HAL_GPIO_Init  stm32f4xx_hal_gpio.o
    0x0800074e   0x0800074e   0x00000002   PAD
    0x08000750   0x08000750   0x00000026   Code   RO          485    .text.HAL_GPIO_TogglePin  stm32f4xx_hal_gpio.o
    0x08000776   0x08000776   0x00000002   PAD
    0x08000778   0x08000778   0x0000002e   Code   RO          483    .text.HAL_GPIO_WritePin  stm32f4xx_hal_gpio.o
    0x080007a6   0x080007a6   0x00000002   PAD
    0x080007a8   0x080007a8   0x0000000c   Code   RO          710    .text.HAL_GetTick   stm32f4xx_hal.o
    0x080007b4   0x080007b4   0x00000014   Code   RO         1297    .text.HAL_HCD_Connect_Callback  usbh_conf.o
    0x080007c8   0x080007c8   0x00000014   Code   RO         1299    .text.HAL_HCD_Disconnect_Callback  usbh_conf.o
    0x080007dc   0x080007dc   0x00000012   Code   RO          211    .text.HAL_HCD_GetCurrentFrame  stm32f4xx_hal_hcd.o
    0x080007ee   0x080007ee   0x00000002   PAD
    0x080007f0   0x080007f0   0x00000012   Code   RO          213    .text.HAL_HCD_GetCurrentSpeed  stm32f4xx_hal_hcd.o
    0x08000802   0x08000802   0x00000002   PAD
    0x08000804   0x08000804   0x00000052   Code   RO          163    .text.HAL_HCD_HC_ClearHubInfo  stm32f4xx_hal_hcd.o
    0x08000856   0x08000856   0x00000002   PAD
    0x08000858   0x08000858   0x0000001e   Code   RO          205    .text.HAL_HCD_HC_GetURBState  stm32f4xx_hal_hcd.o
    0x08000876   0x08000876   0x00000002   PAD
    0x08000878   0x08000878   0x0000001c   Code   RO          207    .text.HAL_HCD_HC_GetXferCount  stm32f4xx_hal_hcd.o
    0x08000894   0x08000894   0x000001a0   Code   RO          161    .text.HAL_HCD_HC_Init  stm32f4xx_hal_hcd.o
    0x08000a34   0x08000a34   0x00000010   Code   RO         1301    .text.HAL_HCD_HC_NotifyURBChange_Callback  usbh_conf.o
    0x08000a44   0x08000a44   0x00000352   Code   RO          171    .text.HAL_HCD_HC_SubmitRequest  stm32f4xx_hal_hcd.o
    0x08000d96   0x08000d96   0x00000002   PAD
    0x08000d98   0x08000d98   0x000001e4   Code   RO          173    .text.HAL_HCD_IRQHandler  stm32f4xx_hal_hcd.o
    0x08000f7c   0x08000f7c   0x00000108   Code   RO          157    .text.HAL_HCD_Init  stm32f4xx_hal_hcd.o
    0x08001084   0x08001084   0x000000b0   Code   RO         1291    .text.HAL_HCD_MspInit  usbh_conf.o
    0x08001134   0x08001134   0x00000014   Code   RO         1305    .text.HAL_HCD_PortDisabled_Callback  usbh_conf.o
    0x08001148   0x08001148   0x00000014   Code   RO         1303    .text.HAL_HCD_PortEnabled_Callback  usbh_conf.o
    0x0800115c   0x0800115c   0x00000012   Code   RO          201    .text.HAL_HCD_ResetPort  stm32f4xx_hal_hcd.o
    0x0800116e   0x0800116e   0x00000002   PAD
    0x08001170   0x08001170   0x00000014   Code   RO         1295    .text.HAL_HCD_SOF_Callback  usbh_conf.o
    0x08001184   0x08001184   0x00000056   Code   RO          197    .text.HAL_HCD_Start  stm32f4xx_hal_hcd.o
    0x080011da   0x080011da   0x00000002   PAD
    0x080011dc   0x080011dc   0x0000004c   Code   RO          199    .text.HAL_HCD_Stop  stm32f4xx_hal_hcd.o
    0x08001228   0x08001228   0x0000001a   Code   RO          708    .text.HAL_IncTick   stm32f4xx_hal.o
    0x08001242   0x08001242   0x00000002   PAD
    0x08001244   0x08001244   0x00000036   Code   RO          698    .text.HAL_Init      stm32f4xx_hal.o
    0x0800127a   0x0800127a   0x00000002   PAD
    0x0800127c   0x0800127c   0x00000070   Code   RO          700    .text.HAL_InitTick  stm32f4xx_hal.o
    0x080012ec   0x080012ec   0x0000004a   Code   RO          149    .text.HAL_MspInit   stm32f4xx_hal_msp.o
    0x08001336   0x08001336   0x00000002   PAD
    0x08001338   0x08001338   0x00000014   Code   RO          633    .text.HAL_NVIC_EnableIRQ  stm32f4xx_hal_cortex.o
    0x0800134c   0x0800134c   0x00000032   Code   RO          625    .text.HAL_NVIC_SetPriority  stm32f4xx_hal_cortex.o
    0x0800137e   0x0800137e   0x00000002   PAD
    0x08001380   0x08001380   0x00000010   Code   RO          621    .text.HAL_NVIC_SetPriorityGrouping  stm32f4xx_hal_cortex.o
    0x08001390   0x08001390   0x00000262   Code   RO          333    .text.HAL_RCC_ClockConfig  stm32f4xx_hal_rcc.o
    0x080015f2   0x080015f2   0x00000002   PAD
    0x080015f4   0x080015f4   0x0000000c   Code   RO          343    .text.HAL_RCC_GetHCLKFreq  stm32f4xx_hal_rcc.o
    0x08001600   0x08001600   0x00000022   Code   RO          345    .text.HAL_RCC_GetPCLK1Freq  stm32f4xx_hal_rcc.o
    0x08001622   0x08001622   0x00000002   PAD
    0x08001624   0x08001624   0x00000022   Code   RO          347    .text.HAL_RCC_GetPCLK2Freq  stm32f4xx_hal_rcc.o
    0x08001646   0x08001646   0x00000002   PAD
    0x08001648   0x08001648   0x000000e6   Code   RO          335    .text.HAL_RCC_GetSysClockFreq  stm32f4xx_hal_rcc.o
    0x0800172e   0x0800172e   0x00000002   PAD
    0x08001730   0x08001730   0x000006be   Code   RO          331    .text.HAL_RCC_OscConfig  stm32f4xx_hal_rcc.o
    0x08001dee   0x08001dee   0x00000002   PAD
    0x08001df0   0x08001df0   0x00000010   Code   RO          645    .text.HAL_SYSTICK_Config  stm32f4xx_hal_cortex.o
    0x08001e00   0x08001e00   0x000000fe   Code   RO         1100    .text.HAL_TIMEx_MasterConfigSynchronization  stm32f4xx_hal_tim_ex.o
    0x08001efe   0x08001efe   0x00000002   PAD
    0x08001f00   0x08001f00   0x00000106   Code   RO           85    .text.HAL_TIM_MspPostInit  tim.o
    0x08002006   0x08002006   0x00000002   PAD
    0x08002008   0x08002008   0x00000142   Code   RO          953    .text.HAL_TIM_PWM_ConfigChannel  stm32f4xx_hal_tim.o
    0x0800214a   0x0800214a   0x00000002   PAD
    0x0800214c   0x0800214c   0x0000009c   Code   RO          841    .text.HAL_TIM_PWM_Init  stm32f4xx_hal_tim.o
    0x080021e8   0x080021e8   0x00000076   Code   RO           89    .text.HAL_TIM_PWM_MspInit  tim.o
    0x0800225e   0x0800225e   0x00000002   PAD
    0x08002260   0x08002260   0x0000009e   Code   RO         1123    .text.HAL_UART_Init  stm32f4xx_hal_uart.o
    0x080022fe   0x080022fe   0x00000002   PAD
    0x08002300   0x08002300   0x00000186   Code   RO          108    .text.HAL_UART_MspInit  usart.o
    0x08002486   0x08002486   0x00000002   PAD
    0x08002488   0x08002488   0x00000bc0   Code   RO          181    .text.HCD_HC_IN_IRQHandler  stm32f4xx_hal_hcd.o
    0x08003048   0x08003048   0x000008a4   Code   RO          183    .text.HCD_HC_OUT_IRQHandler  stm32f4xx_hal_hcd.o
    0x080038ec   0x080038ec   0x000000e4   Code   RO          177    .text.HCD_Port_IRQHandler  stm32f4xx_hal_hcd.o
    0x080039d0   0x080039d0   0x00000158   Code   RO          185    .text.HCD_RXQLVL_IRQHandler  stm32f4xx_hal_hcd.o
    0x08003b28   0x08003b28   0x00000004   Code   RO          124    .text.HardFault_Handler  stm32f4xx_it.o
    0x08003b2c   0x08003b2c   0x000000ca   Code   RO           75    .text.MX_GPIO_Init  gpio.o
    0x08003bf6   0x08003bf6   0x00000002   PAD
    0x08003bf8   0x08003bf8   0x000000e8   Code   RO           83    .text.MX_TIM3_Init  tim.o
    0x08003ce0   0x08003ce0   0x000000e8   Code   RO           87    .text.MX_TIM4_Init  tim.o
    0x08003dc8   0x08003dc8   0x00000040   Code   RO          102    .text.MX_USART1_UART_Init  usart.o
    0x08003e08   0x08003e08   0x00000040   Code   RO          104    .text.MX_USART2_UART_Init  usart.o
    0x08003e48   0x08003e48   0x00000040   Code   RO          106    .text.MX_USART6_UART_Init  usart.o
    0x08003e88   0x08003e88   0x00000058   Code   RO         1268    .text.MX_USB_HOST_Init  usb_host.o
    0x08003ee0   0x08003ee0   0x00000010   Code   RO         1272    .text.MX_USB_HOST_Process  usb_host.o
    0x08003ef0   0x08003ef0   0x00000004   Code   RO          126    .text.MemManage_Handler  stm32f4xx_it.o
    0x08003ef4   0x08003ef4   0x00000004   Code   RO          122    .text.NMI_Handler   stm32f4xx_it.o
    0x08003ef8   0x08003ef8   0x0000006c   Code   RO          631    .text.NVIC_EncodePriority  stm32f4xx_hal_cortex.o
    0x08003f64   0x08003f64   0x00000010   Code   RO          140    .text.OTG_FS_IRQHandler  stm32f4xx_it.o
    0x08003f74   0x08003f74   0x00000002   Code   RO          136    .text.PendSV_Handler  stm32f4xx_it.o
    0x08003f76   0x08003f76   0x00000002   PAD
    0x08003f78   0x08003f78   0x00000002   Code   RO          132    .text.SVC_Handler   stm32f4xx_it.o
    0x08003f7a   0x08003f7a   0x00000002   PAD
    0x08003f7c   0x08003f7c   0x00000052   Code   RO          647    .text.SysTick_Config  stm32f4xx_hal_cortex.o
    0x08003fce   0x08003fce   0x00000002   PAD
    0x08003fd0   0x08003fd0   0x00000008   Code   RO          138    .text.SysTick_Handler  stm32f4xx_it.o
    0x08003fd8   0x08003fd8   0x000000ba   Code   RO           61    .text.SystemClock_Config  main.o
    0x08004092   0x08004092   0x00000002   PAD
    0x08004094   0x08004094   0x00000012   Code   RO         1254    .text.SystemInit    system_stm32f4xx.o
    0x080040a6   0x080040a6   0x00000002   PAD
    0x080040a8   0x080040a8   0x00000144   Code   RO          791    .text.TIM_Base_SetConfig  stm32f4xx_hal_tim.o
    0x080041ec   0x080041ec   0x000000ca   Code   RO          935    .text.TIM_OC1_SetConfig  stm32f4xx_hal_tim.o
    0x080042b6   0x080042b6   0x00000002   PAD
    0x080042b8   0x080042b8   0x000000d4   Code   RO          937    .text.TIM_OC2_SetConfig  stm32f4xx_hal_tim.o
    0x0800438c   0x0800438c   0x000000d2   Code   RO          939    .text.TIM_OC3_SetConfig  stm32f4xx_hal_tim.o
    0x0800445e   0x0800445e   0x00000002   PAD
    0x08004460   0x08004460   0x00000094   Code   RO          941    .text.TIM_OC4_SetConfig  stm32f4xx_hal_tim.o
    0x080044f4   0x080044f4   0x0000007a   Code   RO            4    .text.TimeCounter   qthezg.o
    0x0800456e   0x0800456e   0x00000002   PAD
    0x08004570   0x08004570   0x0000013a   Code   RO         1127    .text.UART_SetConfig  stm32f4xx_hal_uart.o
    0x080046aa   0x080046aa   0x00000002   PAD
    0x080046ac   0x080046ac   0x00000046   Code   RO         1468    .text.USBH_AllocPipe  usbh_pipes.o
    0x080046f2   0x080046f2   0x00000002   PAD
    0x080046f4   0x080046f4   0x0000001a   Code   RO         1466    .text.USBH_ClosePipe  usbh_pipes.o
    0x0800470e   0x0800470e   0x00000002   PAD
    0x08004710   0x08004710   0x00000042   Code   RO         1422    .text.USBH_ClrFeature  usbh_ctlreq.o
    0x08004752   0x08004752   0x00000002   PAD
    0x08004754   0x08004754   0x0000003e   Code   RO         1443    .text.USBH_CtlReceiveData  usbh_ioreq.o
    0x08004792   0x08004792   0x00000002   PAD
    0x08004794   0x08004794   0x00000094   Code   RO         1412    .text.USBH_CtlReq   usbh_ctlreq.o
    0x08004828   0x08004828   0x0000005c   Code   RO         1441    .text.USBH_CtlSendData  usbh_ioreq.o
    0x08004884   0x08004884   0x00000038   Code   RO         1439    .text.USBH_CtlSendSetup  usbh_ioreq.o
    0x080048bc   0x080048bc   0x00000010   Code   RO         1339    .text.USBH_Delay    usbh_conf.o
    0x080048cc   0x080048cc   0x000000aa   Code   RO         1361    .text.USBH_FindInterface  usbh_core.o
    0x08004976   0x08004976   0x00000002   PAD
    0x08004978   0x08004978   0x00000030   Code   RO         1472    .text.USBH_FreePipe  usbh_pipes.o
    0x080049a8   0x080049a8   0x0000007a   Code   RO         1400    .text.USBH_GetDescriptor  usbh_ctlreq.o
    0x08004a22   0x08004a22   0x00000002   PAD
    0x08004a24   0x08004a24   0x0000005a   Code   RO         1470    .text.USBH_GetFreePipe  usbh_pipes.o
    0x08004a7e   0x08004a7e   0x00000002   PAD
    0x08004a80   0x08004a80   0x00000020   Code   RO         1424    .text.USBH_GetNextDesc  usbh_ctlreq.o
    0x08004aa0   0x08004aa0   0x0000006e   Code   RO         1404    .text.USBH_Get_CfgDesc  usbh_ctlreq.o
    0x08004b0e   0x08004b0e   0x00000002   PAD
    0x08004b10   0x08004b10   0x0000006c   Code   RO         1398    .text.USBH_Get_DevDesc  usbh_ctlreq.o
    0x08004b7c   0x08004b7c   0x0000007c   Code   RO         1408    .text.USBH_Get_StringDesc  usbh_ctlreq.o
    0x08004bf8   0x08004bf8   0x00000052   Code   RO         1311    .text.USBH_Get_USB_Status  usbh_conf.o
    0x08004c4a   0x08004c4a   0x00000002   PAD
    0x08004c4c   0x08004c4c   0x00000108   Code   RO         1485    .text.USBH_HID_ClassRequest  usbh_hid.o
    0x08004d54   0x08004d54   0x00000008   Code   RO         1513    .text.USBH_HID_EventCallback  usbh_hid.o
    0x08004d5c   0x08004d5c   0x0000002a   Code   RO         1507    .text.USBH_HID_FifoInit  usbh_hid.o
    0x08004d86   0x08004d86   0x00000002   PAD
    0x08004d88   0x08004d88   0x000000be   Code   RO         1511    .text.USBH_HID_FifoWrite  usbh_hid.o
    0x08004e46   0x08004e46   0x00000002   PAD
    0x08004e48   0x08004e48   0x00000050   Code   RO         1491    .text.USBH_HID_GetHIDReportDescriptor  usbh_hid.o
    0x08004e98   0x08004e98   0x00000054   Code   RO         1499    .text.USBH_HID_GetReport  usbh_hid.o
    0x08004eec   0x08004eec   0x00000082   Code   RO         1483    .text.USBH_HID_InterfaceDeInit  usbh_hid.o
    0x08004f6e   0x08004f6e   0x00000002   PAD
    0x08004f70   0x08004f70   0x000002de   Code   RO         1481    .text.USBH_HID_InterfaceInit  usbh_hid.o
    0x0800524e   0x0800524e   0x00000002   PAD
    0x08005250   0x08005250   0x00000092   Code   RO         1526    .text.USBH_HID_KeybdInit  usbh_hid_keybd.o
    0x080052e2   0x080052e2   0x00000002   PAD
    0x080052e4   0x080052e4   0x00000088   Code   RO         1556    .text.USBH_HID_MouseInit  usbh_hid_mouse.o
    0x0800536c   0x0800536c   0x0000009c   Code   RO         1515    .text.USBH_HID_ParseHIDDesc  usbh_hid.o
    0x08005408   0x08005408   0x00000196   Code   RO         1487    .text.USBH_HID_Process  usbh_hid.o
    0x0800559e   0x0800559e   0x00000002   PAD
    0x080055a0   0x080055a0   0x0000003c   Code   RO         1489    .text.USBH_HID_SOFProcess  usbh_hid.o
    0x080055dc   0x080055dc   0x00000040   Code   RO         1495    .text.USBH_HID_SetIdle  usbh_hid.o
    0x0800561c   0x0800561c   0x00000044   Code   RO         1501    .text.USBH_HID_SetProtocol  usbh_hid.o
    0x08005660   0x08005660   0x00000304   Code   RO         1426    .text.USBH_HandleControl  usbh_ctlreq.o
    0x08005964   0x08005964   0x00000418   Code   RO         1375    .text.USBH_HandleEnum  usbh_core.o
    0x08005d7c   0x08005d7c   0x0000002a   Code   RO         1381    .text.USBH_HandleSof  usbh_core.o
    0x08005da6   0x08005da6   0x00000002   PAD
    0x08005da8   0x08005da8   0x0000007e   Code   RO         1349    .text.USBH_Init     usbh_core.o
    0x08005e26   0x08005e26   0x00000002   PAD
    0x08005e28   0x08005e28   0x00000040   Code   RO         1449    .text.USBH_InterruptReceiveData  usbh_ioreq.o
    0x08005e68   0x08005e68   0x0000000e   Code   RO         1325    .text.USBH_LL_ClosePipe  usbh_conf.o
    0x08005e76   0x08005e76   0x00000002   PAD
    0x08005e78   0x08005e78   0x0000001e   Code   RO         1387    .text.USBH_LL_Connect  usbh_core.o
    0x08005e96   0x08005e96   0x00000002   PAD
    0x08005e98   0x08005e98   0x0000003a   Code   RO         1389    .text.USBH_LL_Disconnect  usbh_core.o
    0x08005ed2   0x08005ed2   0x00000002   PAD
    0x08005ed4   0x08005ed4   0x00000030   Code   RO         1333    .text.USBH_LL_DriverVBUS  usbh_conf.o
    0x08005f04   0x08005f04   0x0000001c   Code   RO         1321    .text.USBH_LL_GetLastXferSize  usbh_conf.o
    0x08005f20   0x08005f20   0x00000056   Code   RO         1317    .text.USBH_LL_GetSpeed  usbh_conf.o
    0x08005f76   0x08005f76   0x00000002   PAD
    0x08005f78   0x08005f78   0x0000001c   Code   RO         1331    .text.USBH_LL_GetURBState  usbh_conf.o
    0x08005f94   0x08005f94   0x0000001c   Code   RO         1379    .text.USBH_LL_IncTimer  usbh_core.o
    0x08005fb0   0x08005fb0   0x0000006e   Code   RO         1307    .text.USBH_LL_Init  usbh_conf.o
    0x0800601e   0x0800601e   0x00000002   PAD
    0x08006020   0x08006020   0x0000007c   Code   RO         1323    .text.USBH_LL_OpenPipe  usbh_conf.o
    0x0800609c   0x0800609c   0x00000018   Code   RO         1385    .text.USBH_LL_PortDisabled  usbh_core.o
    0x080060b4   0x080060b4   0x00000010   Code   RO         1383    .text.USBH_LL_PortEnabled  usbh_core.o
    0x080060c4   0x080060c4   0x00000032   Code   RO         1319    .text.USBH_LL_ResetPort  usbh_conf.o
    0x080060f6   0x080060f6   0x00000002   PAD
    0x080060f8   0x080060f8   0x00000012   Code   RO         1377    .text.USBH_LL_SetTimer  usbh_core.o
    0x0800610a   0x0800610a   0x00000002   PAD
    0x0800610c   0x0800610c   0x0000005e   Code   RO         1335    .text.USBH_LL_SetToggle  usbh_conf.o
    0x0800616a   0x0800616a   0x00000002   PAD
    0x0800616c   0x0800616c   0x00000032   Code   RO         1313    .text.USBH_LL_Start  usbh_conf.o
    0x0800619e   0x0800619e   0x00000002   PAD
    0x080061a0   0x080061a0   0x00000032   Code   RO         1315    .text.USBH_LL_Stop  usbh_conf.o
    0x080061d2   0x080061d2   0x00000002   PAD
    0x080061d4   0x080061d4   0x00000084   Code   RO         1329    .text.USBH_LL_SubmitURB  usbh_conf.o
    0x08006258   0x08006258   0x000002a0   Code   RO           30    .text.USBH_Mouse_ReadData  host_mouse.o
    0x080064f8   0x080064f8   0x0000005c   Code   RO         1464    .text.USBH_OpenPipe  usbh_pipes.o
    0x08006554   0x08006554   0x00000264   Code   RO         1406    .text.USBH_ParseCfgDesc  usbh_ctlreq.o
    0x080067b8   0x080067b8   0x0000013e   Code   RO         1402    .text.USBH_ParseDevDesc  usbh_ctlreq.o
    0x080068f6   0x080068f6   0x00000002   PAD
    0x080068f8   0x080068f8   0x0000021a   Code   RO         1430    .text.USBH_ParseEPDesc  usbh_ctlreq.o
    0x08006b12   0x08006b12   0x00000002   PAD
    0x08006b14   0x08006b14   0x00000052   Code   RO         1428    .text.USBH_ParseInterfaceDesc  usbh_ctlreq.o
    0x08006b66   0x08006b66   0x00000002   PAD
    0x08006b68   0x08006b68   0x00000084   Code   RO         1410    .text.USBH_ParseStringDesc  usbh_ctlreq.o
    0x08006bec   0x08006bec   0x000003ec   Code   RO         1373    .text.USBH_Process  usbh_core.o
    0x08006fd8   0x08006fd8   0x0000005c   Code   RO         1355    .text.USBH_RegisterClass  usbh_core.o
    0x08007034   0x08007034   0x0000004e   Code   RO         1357    .text.USBH_SelectInterface  usbh_core.o
    0x08007082   0x08007082   0x00000002   PAD
    0x08007084   0x08007084   0x00000040   Code   RO         1414    .text.USBH_SetAddress  usbh_ctlreq.o
    0x080070c4   0x080070c4   0x00000040   Code   RO         1416    .text.USBH_SetCfg   usbh_ctlreq.o
    0x08007104   0x08007104   0x00000040   Code   RO         1420    .text.USBH_SetFeature  usbh_ctlreq.o
    0x08007144   0x08007144   0x0000001a   Code   RO         1365    .text.USBH_Start    usbh_core.o
    0x0800715e   0x0800715e   0x00000002   PAD
    0x08007160   0x08007160   0x00000030   Code   RO           32    .text.USBH_UserLoop  host_mouse.o
    0x08007190   0x08007190   0x00000054   Code   RO         1270    .text.USBH_UserProcess  usb_host.o
    0x080071e4   0x080071e4   0x000000d6   Code   RO          224    .text.USB_CoreInit  stm32f4xx_ll_usb.o
    0x080072ba   0x080072ba   0x00000002   PAD
    0x080072bc   0x080072bc   0x00000088   Code   RO          226    .text.USB_CoreReset  stm32f4xx_ll_usb.o
    0x08007344   0x08007344   0x00000014   Code   RO          232    .text.USB_DisableGlobalInt  stm32f4xx_ll_usb.o
    0x08007358   0x08007358   0x00000068   Code   RO          300    .text.USB_DriveVbus  stm32f4xx_ll_usb.o
    0x080073c0   0x080073c0   0x00000014   Code   RO          230    .text.USB_EnableGlobalInt  stm32f4xx_ll_usb.o
    0x080073d4   0x080073d4   0x00000074   Code   RO          244    .text.USB_FlushRxFifo  stm32f4xx_ll_usb.o
    0x08007448   0x08007448   0x0000007a   Code   RO          242    .text.USB_FlushTxFifo  stm32f4xx_ll_usb.o
    0x080074c2   0x080074c2   0x00000002   PAD
    0x080074c4   0x080074c4   0x00000014   Code   RO          304    .text.USB_GetCurrentFrame  stm32f4xx_ll_usb.o
    0x080074d8   0x080074d8   0x0000001e   Code   RO          302    .text.USB_GetHostSpeed  stm32f4xx_ll_usb.o
    0x080074f6   0x080074f6   0x00000002   PAD
    0x080074f8   0x080074f8   0x00000010   Code   RO          236    .text.USB_GetMode   stm32f4xx_ll_usb.o
    0x08007508   0x08007508   0x000001dc   Code   RO          312    .text.USB_HC_Halt   stm32f4xx_ll_usb.o
    0x080076e4   0x080076e4   0x00000212   Code   RO          306    .text.USB_HC_Init   stm32f4xx_ll_usb.o
    0x080078f6   0x080078f6   0x00000002   PAD
    0x080078f8   0x080078f8   0x00000014   Code   RO          310    .text.USB_HC_ReadInterrupt  stm32f4xx_ll_usb.o
    0x0800790c   0x0800790c   0x00000430   Code   RO          308    .text.USB_HC_StartXfer  stm32f4xx_ll_usb.o
    0x08007d3c   0x08007d3c   0x00000152   Code   RO          294    .text.USB_HostInit  stm32f4xx_ll_usb.o
    0x08007e8e   0x08007e8e   0x00000002   PAD
    0x08007e90   0x08007e90   0x00000074   Code   RO          296    .text.USB_InitFSLSPClkSel  stm32f4xx_ll_usb.o
    0x08007f04   0x08007f04   0x00000036   Code   RO          278    .text.USB_ReadChInterrupts  stm32f4xx_ll_usb.o
    0x08007f3a   0x08007f3a   0x00000002   PAD
    0x08007f3c   0x08007f3c   0x0000001a   Code   RO          276    .text.USB_ReadInterrupts  stm32f4xx_ll_usb.o
    0x08007f56   0x08007f56   0x00000002   PAD
    0x08007f58   0x08007f58   0x000000b4   Code   RO          262    .text.USB_ReadPacket  stm32f4xx_ll_usb.o
    0x0800800c   0x0800800c   0x0000004a   Code   RO          298    .text.USB_ResetPort  stm32f4xx_ll_usb.o
    0x08008056   0x08008056   0x00000002   PAD
    0x08008058   0x08008058   0x000000de   Code   RO          234    .text.USB_SetCurrentMode  stm32f4xx_ll_usb.o
    0x08008136   0x08008136   0x00000002   PAD
    0x08008138   0x08008138   0x00000120   Code   RO          316    .text.USB_StopHost  stm32f4xx_ll_usb.o
    0x08008258   0x08008258   0x00000082   Code   RO          258    .text.USB_WritePacket  stm32f4xx_ll_usb.o
    0x080082da   0x080082da   0x00000002   PAD
    0x080082dc   0x080082dc   0x00000004   Code   RO          130    .text.UsageFault_Handler  stm32f4xx_it.o
    0x080082e0   0x080082e0   0x00000030   Code   RO          635    .text.__NVIC_EnableIRQ  stm32f4xx_hal_cortex.o
    0x08008310   0x08008310   0x00000010   Code   RO          627    .text.__NVIC_GetPriorityGrouping  stm32f4xx_hal_cortex.o
    0x08008320   0x08008320   0x00000042   Code   RO          629    .text.__NVIC_SetPriority  stm32f4xx_hal_cortex.o
    0x08008362   0x08008362   0x00000002   PAD
    0x08008364   0x08008364   0x0000003c   Code   RO          623    .text.__NVIC_SetPriorityGrouping  stm32f4xx_hal_cortex.o
    0x080083a0   0x080083a0   0x0000008a   Code   RO           59    .text.main          main.o
    0x0800842a   0x0800842a   0x0000000e   Code   RO         1665    i.__scatterload_copy  mc_w.l(handlers.o)
    0x08008438   0x08008438   0x00000002   Code   RO         1666    i.__scatterload_null  mc_w.l(handlers.o)
    0x0800843a   0x0800843a   0x0000000e   Code   RO         1667    i.__scatterload_zeroinit  mc_w.l(handlers.o)
    0x08008448   0x08008448   0x00000050   Code   RO         1594    i.free              mc_w.l(malloc.o)
    0x08008498   0x08008498   0x0000006c   Code   RO         1595    i.malloc            mc_w.l(malloc.o)
    0x08008504   0x08008504   0x00000010   Data   RO         1259    .rodata.AHBPrescTable  system_stm32f4xx.o
    0x08008514   0x08008514   0x00000008   Data   RO         1260    .rodata.APBPrescTable  system_stm32f4xx.o
    0x0800851c   0x0800851c   0x00000004   Data   RO         1517    .rodata.str1.1      usbh_hid.o
    0x08008520   0x08008520   0x00000020   Data   RO         1664    Region$$Table       anon$$obj.o


    Execution Region RW_IRAM1 (Exec base: 0x20000000, Load base: 0x08008540, Size: 0x000024d0, Max: 0x00010000, ABSOLUTE)

    Exec Addr    Load Addr    Size         Type   Attr      Idx    E Section Name        Object

    0x20000000   0x08008540   0x00000004   Data   RW         1656    .data               mc_w.l(mvars.o)
    0x20000004   0x08008544   0x00000004   Data   RW         1657    .data               mc_w.l(mvars.o)
    0x20000008   0x08008548   0x00000020   Data   RW         1518    .data.HID_Class     usbh_hid.o
    0x20000028   0x08008568   0x00000004   Data   RW         1258    .data.SystemCoreClock  system_stm32f4xx.o
    0x2000002c   0x0800856c   0x00000001   Data   RW           22    .data.TimeCounter.TCFirstInto  qthezg.o
    0x2000002d   0x0800856d   0x00000001   Data   RW          753    .data.uwTickFreq    stm32f4xx_hal.o
    0x2000002e   0x0800856e   0x00000002   PAD
    0x20000030   0x08008570   0x00000004   Data   RW          752    .data.uwTickPrio    stm32f4xx_hal.o
    0x20000034   0x08008574   0x00000004   PAD
    0x20000038        -       0x00000001   Zero   RW         1274    .bss.Appli_state    usb_host.o
    0x20000039        -       0x00000001   Zero   RW           34    .bss.USBH_Mouse_ReadData.last_button_left  host_mouse.o
    0x2000003a        -       0x00000001   Zero   RW           36    .bss.USBH_Mouse_ReadData.last_button_middle  host_mouse.o
    0x2000003b        -       0x00000001   Zero   RW           35    .bss.USBH_Mouse_ReadData.last_button_right  host_mouse.o
    0x2000003c        -       0x00000001   Zero   RW           37    .bss.USBH_Mouse_ReadData.last_button_side1  host_mouse.o
    0x2000003d        -       0x00000001   Zero   RW           38    .bss.USBH_Mouse_ReadData.last_button_side2  host_mouse.o
    0x2000003e        -       0x00000001   Zero   RW           41    .bss.USBH_Mouse_ReadData.last_wheel  host_mouse.o
    0x2000003f   0x08008574   0x00000001   PAD
    0x20000040        -       0x00000002   Zero   RW           39    .bss.USBH_Mouse_ReadData.last_x  host_mouse.o
    0x20000042        -       0x00000002   Zero   RW           40    .bss.USBH_Mouse_ReadData.last_y  host_mouse.o
    0x20000044        -       0x0000000c   Zero   RW           42    .bss.USBH_UserLoop.lz_mouse_data  host_mouse.o
    0x20000050        -       0x000006d8   Zero   RW         1275    .bss.hUsbHostFS     usb_host.o
    0x20000728        -       0x000003e0   Zero   RW         1341    .bss.hhcd_USB_OTG_FS  usbh_conf.o
    0x20000b08        -       0x00000048   Zero   RW           93    .bss.htim3          tim.o
    0x20000b50        -       0x00000048   Zero   RW           94    .bss.htim4          tim.o
    0x20000b98        -       0x00000048   Zero   RW          112    .bss.huart1         usart.o
    0x20000be0        -       0x00000048   Zero   RW          113    .bss.huart2         usart.o
    0x20000c28        -       0x00000048   Zero   RW          114    .bss.huart6         usart.o
    0x20000c70        -       0x0000000f   Zero   RW         1534    .bss.keybd_info     usbh_hid_keybd.o
    0x20000c7f        -       0x00000008   Zero   RW         1535    .bss.keybd_report_data  usbh_hid_keybd.o
    0x20000c87        -       0x00000008   Zero   RW         1536    .bss.keybd_rx_report_buf  usbh_hid_keybd.o
    0x20000c8f        -       0x00000005   Zero   RW         1562    .bss.mouse_info     usbh_hid_mouse.o
    0x20000c94        -       0x00000008   Zero   RW         1563    .bss.mouse_report_data  usbh_hid_mouse.o
    0x20000c9c        -       0x00000008   Zero   RW         1564    .bss.mouse_rx_report_buf  usbh_hid_mouse.o
    0x20000ca4   0x08008574   0x00000004   PAD
    0x20000ca8        -       0x00000010   Zero   RW           66    .bss.slider_conter_10ms  main.o
    0x20000cb8        -       0x00000010   Zero   RW           65    .bss.slider_conter_500ms  main.o
    0x20000cc8        -       0x00000004   Zero   RW          754    .bss.uwTick         stm32f4xx_hal.o
    0x20000ccc   0x08008574   0x00000004   PAD
    0x20000cd0        -       0x00000800   Zero   RW           50    HEAP                startup_stm32f401xc.o
    0x200014d0        -       0x00001000   Zero   RW           49    STACK               startup_stm32f401xc.o


==============================================================================

Image component sizes


      Code (inc. data)   RO Data    RW Data    ZI Data      Debug   Object Name

       202          0          0          0          0       2187   gpio.o
       720          0          0          0         22       8021   host_mouse.o
       330          0          0          0         32       3339   main.o
       122          0          0          1          0       3407   qthezg.o
        36          8        404          0       6144        812   startup_stm32f401xc.o
       270          0          0          5          4       6666   stm32f4xx_hal.o
       482          0          0          0          0       9207   stm32f4xx_hal_cortex.o
       950          0          0          0          0       5087   stm32f4xx_hal_gpio.o
      8162         14          0          0          0      15034   stm32f4xx_hal_hcd.o
        74          0          0          0          0       1530   stm32f4xx_hal_msp.o
      2646          0          0          0          0       7647   stm32f4xx_hal_rcc.o
      1574         14          0          0          0      35826   stm32f4xx_hal_tim.o
       254          0          0          0          0      15315   stm32f4xx_hal_tim_ex.o
       472          0          0          0          0      20420   stm32f4xx_hal_uart.o
        50          0          0          0          0       1080   stm32f4xx_it.o
      4324         12          0          0          0      19640   stm32f4xx_ll_usb.o
        18          0         24          4          0       2560   system_stm32f4xx.o
       844          0          0          0        144       6379   tim.o
       582          0          0          0        216       5530   usart.o
       188          6          0          0       1753       5563   usb_host.o
      1204          4          0          0        992      15088   usbh_conf.o
      2974         44          0          0          0      11159   usbh_core.o
      3356         22          0          0          0      11732   usbh_ctlreq.o
      2286         14          4         32          0      12328   usbh_hid.o
       146          0          0          0         31       8311   usbh_hid_keybd.o
       136          0          0          0         21       7608   usbh_hid_mouse.o
       274          0          0          0          0       6778   usbh_ioreq.o
       326          0          0          0          0       5974   usbh_pipes.o

    ----------------------------------------------------------------------
     33166        138        464         44       9372     254228   Object Totals
         0          0         32          0          0          0   (incl. Generated)
       164          0          0          2         13          0   (incl. Padding)

    ----------------------------------------------------------------------

      Code (inc. data)   RO Data    RW Data    ZI Data      Debug   Library Member Name

         0          0          0          0          0          0   entry.o
         0          0          0          0          0          0   entry10a.o
         0          0          0          0          0          0   entry11a.o
         8          4          0          0          0          0   entry2.o
         4          0          0          0          0          0   entry5.o
         0          0          0          0          0          0   entry7b.o
         0          0          0          0          0          0   entry8b.o
         8          4          0          0          0          0   entry9a.o
        30          0          0          0          0          0   handlers.o
        48         10          0          0          0         68   init.o
        30          0          0          0          0         68   llshl.o
        32          0          0          0          0         68   llushr.o
       188         20          0          0          0        160   malloc.o
        36          0          0          0          0        108   memseta.o
         0          0          0          8          0          0   mvars.o
        98          0          0          0          0         92   uldiv.o

    ----------------------------------------------------------------------
       482         38          0          8          0        564   Library Totals
         0          0          0          0          0          0   (incl. Padding)

    ----------------------------------------------------------------------

      Code (inc. data)   RO Data    RW Data    ZI Data      Debug   Library Name

       482         38          0          8          0        564   mc_w.l

    ----------------------------------------------------------------------
       482         38          0          8          0        564   Library Totals

    ----------------------------------------------------------------------

==============================================================================


      Code (inc. data)   RO Data    RW Data    ZI Data      Debug   

     33648        176        464         52       9372     254268   Grand Totals
     33648        176        464         52       9372     254268   ELF Image Totals
     33648        176        464         52          0          0   ROM Totals

==============================================================================

    Total RO  Size (Code + RO Data)                34112 (  33.31kB)
    Total RW  Size (RW Data + ZI Data)              9424 (   9.20kB)
    Total ROM Size (Code + RO Data + RW Data)      34164 (  33.36kB)

==============================================================================

